Component: Arm Compiler for Embedded 6.24 Tool: armlink [5f371500]

==============================================================================

Section Cross References

    startup_stm32f10x_md.o(STACK) refers (Special) to heapauxi.o(.text) for __use_two_region_memory
    startup_stm32f10x_md.o(HEAP) refers (Special) to heapauxi.o(.text) for __use_two_region_memory
    startup_stm32f10x_md.o(RESET) refers (Special) to heapauxi.o(.text) for __use_two_region_memory
    startup_stm32f10x_md.o(RESET) refers to startup_stm32f10x_md.o(STACK) for __initial_sp
    startup_stm32f10x_md.o(RESET) refers to startup_stm32f10x_md.o(.text) for Reset_Handler
    startup_stm32f10x_md.o(RESET) refers to stm32f10x_it.o(.text.NMI_Handler) for NMI_Handler
    startup_stm32f10x_md.o(RESET) refers to stm32f10x_it.o(.text.HardFault_Handler) for HardFault_Handler
    startup_stm32f10x_md.o(RESET) refers to stm32f10x_it.o(.text.MemManage_Handler) for MemManage_Handler
    startup_stm32f10x_md.o(RESET) refers to stm32f10x_it.o(.text.BusFault_Handler) for BusFault_Handler
    startup_stm32f10x_md.o(RESET) refers to stm32f10x_it.o(.text.UsageFault_Handler) for UsageFault_Handler
    startup_stm32f10x_md.o(RESET) refers to stm32f10x_it.o(.text.SVC_Handler) for SVC_Handler
    startup_stm32f10x_md.o(RESET) refers to stm32f10x_it.o(.text.DebugMon_Handler) for DebugMon_Handler
    startup_stm32f10x_md.o(RESET) refers to stm32f10x_it.o(.text.PendSV_Handler) for PendSV_Handler
    startup_stm32f10x_md.o(RESET) refers to stm32f10x_it.o(.text.SysTick_Handler) for SysTick_Handler
    startup_stm32f10x_md.o(RESET) refers to main.o(.text.TIM2_IRQHandler) for TIM2_IRQHandler
    startup_stm32f10x_md.o(RESET) refers to timer.o(.text.TIM3_IRQHandler) for TIM3_IRQHandler
    startup_stm32f10x_md.o(RESET) refers to usart.o(.text.USART2_IRQHandler) for USART2_IRQHandler
    startup_stm32f10x_md.o(RESET) refers to serial.o(.text.USART3_IRQHandler) for USART3_IRQHandler
    startup_stm32f10x_md.o(.text) refers (Special) to heapauxi.o(.text) for __use_two_region_memory
    startup_stm32f10x_md.o(.text) refers to system_stm32f10x.o(.text.SystemInit) for SystemInit
    startup_stm32f10x_md.o(.text) refers to __main.o(!!!main) for __main
    startup_stm32f10x_md.o(.text) refers to startup_stm32f10x_md.o(HEAP) for Heap_Mem
    startup_stm32f10x_md.o(.text) refers to startup_stm32f10x_md.o(STACK) for Stack_Mem
    system_stm32f10x.o(.ARM.exidx.text.SystemInit) refers to system_stm32f10x.o(.text.SystemInit) for [Anonymous Symbol]
    system_stm32f10x.o(.text.SystemCoreClockUpdate) refers to system_stm32f10x.o(.data.SystemCoreClock) for SystemCoreClock
    system_stm32f10x.o(.text.SystemCoreClockUpdate) refers to system_stm32f10x.o(.rodata.AHBPrescTable) for AHBPrescTable
    system_stm32f10x.o(.ARM.exidx.text.SystemCoreClockUpdate) refers to system_stm32f10x.o(.text.SystemCoreClockUpdate) for [Anonymous Symbol]
    misc.o(.ARM.exidx.text.NVIC_PriorityGroupConfig) refers to misc.o(.text.NVIC_PriorityGroupConfig) for [Anonymous Symbol]
    misc.o(.ARM.exidx.text.NVIC_Init) refers to misc.o(.text.NVIC_Init) for [Anonymous Symbol]
    misc.o(.ARM.exidx.text.NVIC_SetVectorTable) refers to misc.o(.text.NVIC_SetVectorTable) for [Anonymous Symbol]
    misc.o(.ARM.exidx.text.NVIC_SystemLPConfig) refers to misc.o(.text.NVIC_SystemLPConfig) for [Anonymous Symbol]
    misc.o(.ARM.exidx.text.SysTick_CLKSourceConfig) refers to misc.o(.text.SysTick_CLKSourceConfig) for [Anonymous Symbol]
    stm32f10x_adc.o(.text.ADC_DeInit) refers to stm32f10x_rcc.o(.text.RCC_APB2PeriphResetCmd) for RCC_APB2PeriphResetCmd
    stm32f10x_adc.o(.ARM.exidx.text.ADC_DeInit) refers to stm32f10x_adc.o(.text.ADC_DeInit) for [Anonymous Symbol]
    stm32f10x_adc.o(.ARM.exidx.text.ADC_Init) refers to stm32f10x_adc.o(.text.ADC_Init) for [Anonymous Symbol]
    stm32f10x_adc.o(.ARM.exidx.text.ADC_StructInit) refers to stm32f10x_adc.o(.text.ADC_StructInit) for [Anonymous Symbol]
    stm32f10x_adc.o(.ARM.exidx.text.ADC_Cmd) refers to stm32f10x_adc.o(.text.ADC_Cmd) for [Anonymous Symbol]
    stm32f10x_adc.o(.ARM.exidx.text.ADC_DMACmd) refers to stm32f10x_adc.o(.text.ADC_DMACmd) for [Anonymous Symbol]
    stm32f10x_adc.o(.ARM.exidx.text.ADC_ITConfig) refers to stm32f10x_adc.o(.text.ADC_ITConfig) for [Anonymous Symbol]
    stm32f10x_adc.o(.ARM.exidx.text.ADC_ResetCalibration) refers to stm32f10x_adc.o(.text.ADC_ResetCalibration) for [Anonymous Symbol]
    stm32f10x_adc.o(.ARM.exidx.text.ADC_GetResetCalibrationStatus) refers to stm32f10x_adc.o(.text.ADC_GetResetCalibrationStatus) for [Anonymous Symbol]
    stm32f10x_adc.o(.ARM.exidx.text.ADC_StartCalibration) refers to stm32f10x_adc.o(.text.ADC_StartCalibration) for [Anonymous Symbol]
    stm32f10x_adc.o(.ARM.exidx.text.ADC_GetCalibrationStatus) refers to stm32f10x_adc.o(.text.ADC_GetCalibrationStatus) for [Anonymous Symbol]
[...]
    ../mathlib/dunder.c                      0x00000000   Number         0  dunder.o ABSOLUTE
    ../mathlib/fpclassify.c                  0x00000000   Number         0  fpclassify.o ABSOLUTE
    ../mathlib/poly.c                        0x00000000   Number         0  poly.o ABSOLUTE
    ../mathlib/qnan.c                        0x00000000   Number         0  qnan.o ABSOLUTE
    ../mathlib/round.c                       0x00000000   Number         0  round.o ABSOLUTE
    ../mathlib/sqrtf.c                       0x00000000   Number         0  sqrtf.o ABSOLUTE
    Delay.c                                  0x00000000   Number         0  delay.o ABSOLUTE
    Emm_V5.c                                 0x00000000   Number         0  emm_v5.o ABSOLUTE
    Key.c                                    0x00000000   Number         0  key.o ABSOLUTE
    OLED.c                                   0x00000000   Number         0  oled.o ABSOLUTE
    OLED_Data.c                              0x00000000   Number         0  oled_data.o ABSOLUTE
    PID.c                                    0x00000000   Number         0  pid.o ABSOLUTE
    Serial.c                                 0x00000000   Number         0  serial.o ABSOLUTE
    Start\startup_stm32f10x_md.s             0x00000000   Number         0  startup_stm32f10x_md.o ABSOLUTE
    Timer.c                                  0x00000000   Number         0  timer.o ABSOLUTE
    board.c                                  0x00000000   Number         0  board.o ABSOLUTE
    dc.s                                     0x00000000   Number         0  dc.o ABSOLUTE
    fifo.c                                   0x00000000   Number         0  fifo.o ABSOLUTE
    main.c                                   0x00000000   Number         0  main.o ABSOLUTE
    misc.c                                   0x00000000   Number         0  misc.o ABSOLUTE
    stm32f10x_adc.c                          0x00000000   Number         0  stm32f10x_adc.o ABSOLUTE
    stm32f10x_bkp.c                          0x00000000   Number         0  stm32f10x_bkp.o ABSOLUTE
    stm32f10x_can.c                          0x00000000   Number         0  stm32f10x_can.o ABSOLUTE
    stm32f10x_cec.c                          0x00000000   Number         0  stm32f10x_cec.o ABSOLUTE
    stm32f10x_crc.c                          0x00000000   Number         0  stm32f10x_crc.o ABSOLUTE
    stm32f10x_dac.c                          0x00000000   Number         0  stm32f10x_dac.o ABSOLUTE
    stm32f10x_dbgmcu.c                       0x00000000   Number         0  stm32f10x_dbgmcu.o ABSOLUTE
    stm32f10x_dma.c                          0x00000000   Number         0  stm32f10x_dma.o ABSOLUTE
    stm32f10x_exti.c                         0x00000000   Number         0  stm32f10x_exti.o ABSOLUTE
    stm32f10x_flash.c                        0x00000000   Number         0  stm32f10x_flash.o ABSOLUTE
    stm32f10x_fsmc.c                         0x00000000   Number         0  stm32f10x_fsmc.o ABSOLUTE
    stm32f10x_gpio.c                         0x00000000   Number         0  stm32f10x_gpio.o ABSOLUTE
    stm32f10x_i2c.c                          0x00000000   Number         0  stm32f10x_i2c.o ABSOLUTE
    stm32f10x_it.c                           0x00000000   Number         0  stm32f10x_it.o ABSOLUTE
    stm32f10x_iwdg.c                         0x00000000   Number         0  stm32f10x_iwdg.o ABSOLUTE
    stm32f10x_pwr.c                          0x00000000   Number         0  stm32f10x_pwr.o ABSOLUTE
    stm32f10x_rcc.c                          0x00000000   Number         0  stm32f10x_rcc.o ABSOLUTE
    stm32f10x_rtc.c                          0x00000000   Number         0  stm32f10x_rtc.o ABSOLUTE
    stm32f10x_sdio.c                         0x00000000   Number         0  stm32f10x_sdio.o ABSOLUTE
    stm32f10x_spi.c                          0x00000000   Number         0  stm32f10x_spi.o ABSOLUTE
    stm32f10x_tim.c                          0x00000000   Number         0  stm32f10x_tim.o ABSOLUTE
    stm32f10x_usart.c                        0x00000000   Number         0  stm32f10x_usart.o ABSOLUTE
    stm32f10x_wwdg.c                         0x00000000   Number         0  stm32f10x_wwdg.o ABSOLUTE
    sys.c                                    0x00000000   Number         0  sys.o ABSOLUTE
    system_stm32f10x.c                       0x00000000   Number         0  system_stm32f10x.o ABSOLUTE
    usart.c                                  0x00000000   Number         0  usart.o ABSOLUTE
    RESET                                    0x08000000   Section      236  startup_stm32f10x_md.o(RESET)
    !!!main                                  0x080000ec   Section        8  __main.o(!!!main)
    !!!scatter                               0x080000f4   Section       92  __scatter.o(!!!scatter)
    !!handler_copy                           0x08000150   Section       26  __scatter_copy.o(!!handler_copy)
    !!handler_null                           0x0800016c   Section        2  __scatter.o(!!handler_null)
    !!handler_zi                             0x08000170   Section       28  __scatter_zi.o(!!handler_zi)
    .ARM.Collect$$libinit$$00000000          0x0800018c   Section        2  libinit.o(.ARM.Collect$$libinit$$00000000)
    .ARM.Collect$$libinit$$00000002          0x0800018e   Section        0  libinit2.o(.ARM.Collect$$libinit$$00000002)
    .ARM.Collect$$libinit$$00000004          0x0800018e   Section        0  libinit2.o(.ARM.Collect$$libinit$$00000004)
    .ARM.Collect$$libinit$$00000006          0x0800018e   Section        0  libinit2.o(.ARM.Collect$$libinit$$00000006)
    .ARM.Collect$$libinit$$0000000C          0x0800018e   Section        0  libinit2.o(.ARM.Collect$$libinit$$0000000C)
    .ARM.Collect$$libinit$$0000000E          0x0800018e   Section        0  libinit2.o(.ARM.Collect$$libinit$$0000000E)
    .ARM.Collect$$libinit$$00000010          0x0800018e   Section        0  libinit2.o(.ARM.Collect$$libinit$$00000010)
    .ARM.Collect$$libinit$$00000013          0x0800018e   Section        0  libinit2.o(.ARM.Collect$$libinit$$00000013)
    .ARM.Collect$$libinit$$00000015          0x0800018e   Section        0  libinit2.o(.ARM.Collect$$libinit$$00000015)
    .ARM.Collect$$libinit$$00000017          0x0800018e   Section        0  libinit2.o(.ARM.Collect$$libinit$$00000017)
    .ARM.Collect$$libinit$$00000019          0x0800018e   Section        0  libinit2.o(.ARM.Collect$$libinit$$00000019)
    .ARM.Collect$$libinit$$0000001B          0x0800018e   Section        0  libinit2.o(.ARM.Collect$$libinit$$0000001B)
    .ARM.Collect$$libinit$$0000001D          0x0800018e   Section        0  libinit2.o(.ARM.Collect$$libinit$$0000001D)
    .ARM.Collect$$libinit$$0000001F          0x0800018e   Section        0  libinit2.o(.ARM.Collect$$libinit$$0000001F)
    .ARM.Collect$$libinit$$00000021          0x0800018e   Section        0  libinit2.o(.ARM.Collect$$libinit$$00000021)
    .ARM.Collect$$libinit$$00000023          0x0800018e   Section        0  libinit2.o(.ARM.Collect$$libinit$$00000023)
    .ARM.Collect$$libinit$$00000025          0x0800018e   Section        0  libinit2.o(.ARM.Collect$$libinit$$00000025)
    .ARM.Collect$$libinit$$00000027          0x0800018e   Section        0  libinit2.o(.ARM.Collect$$libinit$$00000027)
    .ARM.Collect$$libinit$$0000002E          0x0800018e   Section        0  libinit2.o(.ARM.Collect$$libinit$$0000002E)
    .ARM.Collect$$libinit$$00000030          0x0800018e   Section        0  libinit2.o(.ARM.Collect$$libinit$$00000030)
    .ARM.Collect$$libinit$$00000032          0x0800018e   Section        0  libinit2.o(.ARM.Collect$$libinit$$00000032)
    .ARM.Collect$$libinit$$00000034          0x0800018e   Section        0  libinit2.o(.ARM.Collect$$libinit$$00000034)
    .ARM.Collect$$libinit$$00000035          0x0800018e   Section        2  libinit2.o(.ARM.Collect$$libinit$$00000035)
    .ARM.Collect$$libshutdown$$00000000      0x08000190   Section        2  libshutdown.o(.ARM.Collect$$libshutdown$$00000000)
    .ARM.Collect$$libshutdown$$00000002      0x08000192   Section        0  libshutdown2.o(.ARM.Collect$$libshutdown$$00000002)
    .ARM.Collect$$libshutdown$$00000004      0x08000192   Section        0  libshutdown2.o(.ARM.Collect$$libshutdown$$00000004)
    .ARM.Collect$$libshutdown$$00000007      0x08000192   Section        0  libshutdown2.o(.ARM.Collect$$libshutdown$$00000007)
    .ARM.Collect$$libshutdown$$0000000A      0x08000192   Section        0  libshutdown2.o(.ARM.Collect$$libshutdown$$0000000A)
    .ARM.Collect$$libshutdown$$0000000C      0x08000192   Section        0  libshutdown2.o(.ARM.Collect$$libshutdown$$0000000C)
    .ARM.Collect$$libshutdown$$0000000F      0x08000192   Section        0  libshutdown2.o(.ARM.Collect$$libshutdown$$0000000F)
    .ARM.Collect$$libshutdown$$00000010      0x08000192   Section        2  libshutdown2.o(.ARM.Collect$$libshutdown$$00000010)
    .ARM.Collect$$rtentry$$00000000          0x08000194   Section        0  __rtentry.o(.ARM.Collect$$rtentry$$00000000)
    .ARM.Collect$$rtentry$$00000002          0x08000194   Section        0  __rtentry2.o(.ARM.Collect$$rtentry$$00000002)
    .ARM.Collect$$rtentry$$00000004          0x08000194   Section        6  __rtentry4.o(.ARM.Collect$$rtentry$$00000004)
    .ARM.Collect$$rtentry$$00000009          0x0800019a   Section        0  __rtentry2.o(.ARM.Collect$$rtentry$$00000009)
    .ARM.Collect$$rtentry$$0000000A          0x0800019a   Section        4  __rtentry2.o(.ARM.Collect$$rtentry$$0000000A)
    .ARM.Collect$$rtentry$$0000000C          0x0800019e   Section        0  __rtentry2.o(.ARM.Collect$$rtentry$$0000000C)
    .ARM.Collect$$rtentry$$0000000D          0x0800019e   Section        8  __rtentry2.o(.ARM.Collect$$rtentry$$0000000D)
    .ARM.Collect$$rtexit$$00000000           0x080001a6   Section        2  rtexit.o(.ARM.Collect$$rtexit$$00000000)
    .ARM.Collect$$rtexit$$00000002           0x080001a8   Section        0  rtexit2.o(.ARM.Collect$$rtexit$$00000002)
    .ARM.Collect$$rtexit$$00000003           0x080001a8   Section        4  rtexit2.o(.ARM.Collect$$rtexit$$00000003)
    .ARM.Collect$$rtexit$$00000004           0x080001ac   Section        6  rtexit2.o(.ARM.Collect$$rtexit$$00000004)
    .text                                    0x080001b4   Section       64  startup_stm32f10x_md.o(.text)
    .text                                    0x080001f4   Section       78  rt_memclr_w.o(.text)
    .text                                    0x08000244   Section      128  strcmpv7m.o(.text)
    .text                                    0x080002c4   Section        0  heapauxi.o(.text)
    .text                                    0x080002ca   Section        0  _rserrno.o(.text)
    .text                                    0x080002e0   Section        8  rt_errno_addr_intlibspace.o(.text)
    .text                                    0x080002e8   Section        8  libspace.o(.text)
    .text                                    0x080002f0   Section       74  sys_stackheap_outer.o(.text)
    .text                                    0x0800033a   Section        0  exit.o(.text)
    .text                                    0x0800034c   Section        0  sys_exit.o(.text)
    .text                                    0x08000358   Section        2  use_no_semi.o(.text)
    .text                                    0x0800035a   Section        0  indicate_semi.o(.text)
    [Anonymous Symbol]                       0x0800035c   Section        0  stm32f10x_it.o(.text.BusFault_Handler)
    [Anonymous Symbol]                       0x08000360   Section        0  stm32f10x_it.o(.text.DebugMon_Handler)
    [Anonymous Symbol]                       0x08000364   Section        0  delay.o(.text.Delay_ms)
    [Anonymous Symbol]                       0x080003a4   Section        0  emm_v5.o(.text.Emm_V5_Pos_Control)
    [Anonymous Symbol]                       0x08000408   Section        0  emm_v5.o(.text.Emm_V5_Synchronous_motion)
    [Anonymous Symbol]                       0x08000434   Section        0  stm32f10x_gpio.o(.text.GPIO_Init)
    [Anonymous Symbol]                       0x080004f0   Section        0  stm32f10x_gpio.o(.text.GPIO_PinRemapConfig)
    [Anonymous Symbol]                       0x08000570   Section        0  stm32f10x_gpio.o(.text.GPIO_WriteBit)
    [Anonymous Symbol]                       0x0800057c   Section        0  stm32f10x_it.o(.text.HardFault_Handler)
    [Anonymous Symbol]                       0x08000580   Section        0  key.o(.text.Key_Init)
    [Anonymous Symbol]                       0x080005a8   Section        0  stm32f10x_it.o(.text.MemManage_Handler)
    [Anonymous Symbol]                       0x080005ac   Section        0  stm32f10x_it.o(.text.NMI_Handler)
    [Anonymous Symbol]                       0x080005b0   Section        0  misc.o(.text.NVIC_Init)
    [Anonymous Symbol]                       0x08000610   Section        0  misc.o(.text.NVIC_PriorityGroupConfig)
    [Anonymous Symbol]                       0x08000624   Section        0  oled.o(.text.OLED_I2C_SendByte)
    [Anonymous Symbol]                       0x08000680   Section        0  oled.o(.text.OLED_Init)
    [Anonymous Symbol]                       0x0800079c   Section        0  oled.o(.text.OLED_ShowFloatNum)
    [Anonymous Symbol]                       0x08000a38   Section        0  oled.o(.text.OLED_ShowImage)
    [Anonymous Symbol]                       0x08000b64   Section        0  oled.o(.text.OLED_ShowString)
    [Anonymous Symbol]                       0x08000d44   Section        0  oled.o(.text.OLED_Update)
    [Anonymous Symbol]                       0x08000d7c   Section        0  oled.o(.text.OLED_WriteCommand)
    [Anonymous Symbol]                       0x08000e30   Section        0  oled.o(.text.OLED_WriteData)
    [Anonymous Symbol]                       0x08000eb4   Section        0  pid.o(.text.PID_Control)
    [Anonymous Symbol]                       0x0800109c   Section        0  pid.o(.text.PID_Init)
    [Anonymous Symbol]                       0x080010b0   Section        0  stm32f10x_it.o(.text.PendSV_Handler)
    [Anonymous Symbol]                       0x080010b4   Section        0  pid.o(.text.Position_PID_Control)
    [Anonymous Symbol]                       0x08001208   Section        0  stm32f10x_rcc.o(.text.RCC_APB1PeriphClockCmd)
    [Anonymous Symbol]                       0x08001220   Section        0  stm32f10x_rcc.o(.text.RCC_APB2PeriphClockCmd)
    [Anonymous Symbol]                       0x08001238   Section        0  stm32f10x_rcc.o(.text.RCC_GetClocksFreq)
    [Anonymous Symbol]                       0x080012c4   Section        0  stm32f10x_it.o(.text.SVC_Handler)
    [Anonymous Symbol]                       0x080012c8   Section        0  serial.o(.text.Serial_Init)
    [Anonymous Symbol]                       0x08001350   Section        0  serial.o(.text.Serial_SendByte)
    [Anonymous Symbol]                       0x08001374   Section        0  serial.o(.text.Serial_SendPacket)
    [Anonymous Symbol]                       0x080013d4   Section        0  stm32f10x_it.o(.text.SysTick_Handler)
    [Anonymous Symbol]                       0x080013d8   Section        0  system_stm32f10x.o(.text.SystemInit)
    [Anonymous Symbol]                       0x080014e4   Section        0  main.o(.text.TIM2_IRQHandler)
    [Anonymous Symbol]                       0x08001504   Section        0  timer.o(.text.TIM3_IRQHandler)
    [Anonymous Symbol]                       0x08001538   Section        0  stm32f10x_tim.o(.text.TIM_ClearFlag)
    [Anonymous Symbol]                       0x08001540   Section        0  stm32f10x_tim.o(.text.TIM_ClearITPendingBit)
    [Anonymous Symbol]                       0x08001548   Section        0  stm32f10x_tim.o(.text.TIM_Cmd)
    [Anonymous Symbol]                       0x0800155c   Section        0  stm32f10x_tim.o(.text.TIM_GetITStatus)
    [Anonymous Symbol]                       0x08001574   Section        0  stm32f10x_tim.o(.text.TIM_ITConfig)
    [Anonymous Symbol]                       0x08001584   Section        0  stm32f10x_tim.o(.text.TIM_InternalClockConfig)
    [Anonymous Symbol]                       0x08001590   Section        0  stm32f10x_tim.o(.text.TIM_TimeBaseInit)
    [Anonymous Symbol]                       0x0800163c   Section        0  timer.o(.text.Timer_Init)
    [Anonymous Symbol]                       0x080016e0   Section        0  usart.o(.text.USART2_IRQHandler)
    [Anonymous Symbol]                       0x0800177c   Section        0  serial.o(.text.USART3_IRQHandler)
    cmd_Questionx                            0x08001804   Number         0  serial.o(.text.USART3_IRQHandler)
    [Anonymous Symbol]                       0x0800181c   Section        0  stm32f10x_usart.o(.text.USART_ClearITPendingBit)
    [Anonymous Symbol]                       0x0800182c   Section        0  stm32f10x_usart.o(.text.USART_Cmd)
    [Anonymous Symbol]                       0x08001840   Section        0  stm32f10x_usart.o(.text.USART_GetFlagStatus)
    [Anonymous Symbol]                       0x0800184c   Section        0  stm32f10x_usart.o(.text.USART_GetITStatus)
    [Anonymous Symbol]                       0x08001880   Section        0  stm32f10x_usart.o(.text.USART_ITConfig)
    [Anonymous Symbol]                       0x080018b0   Section        0  stm32f10x_usart.o(.text.USART_Init)
    [Anonymous Symbol]                       0x08001968   Section        0  stm32f10x_usart.o(.text.USART_ReceiveData)
    [Anonymous Symbol]                       0x08001970   Section        0  stm32f10x_usart.o(.text.USART_SendData)
    [Anonymous Symbol]                       0x08001978   Section        0  stm32f10x_it.o(.text.UsageFault_Handler)
    [Anonymous Symbol]                       0x0800197c   Section        0  board.o(.text.board_init)
    [Anonymous Symbol]                       0x08001a28   Section        0  pid.o(.text.calcHomography)
    [Anonymous Symbol]                       0x08002034   Section        0  fifo.o(.text.fifo_deQueue)
    [Anonymous Symbol]                       0x08002060   Section        0  fifo.o(.text.fifo_enQueue)
    [Anonymous Symbol]                       0x0800208c   Section        0  fifo.o(.text.fifo_queueLength)
    [Anonymous Symbol]                       0x080020c0   Section        0  serial.o(.text.handle_USART_BasicQuestion1)
    [Anonymous Symbol]                       0x08002290   Section        0  serial.o(.text.handle_USART_BasicQuestion2)
    [Anonymous Symbol]                       0x08002444   Section        0  serial.o(.text.handle_USART_BasicQuestion3)
    [Anonymous Symbol]                       0x08002448   Section        0  serial.o(.text.handle_USART_BasicQuestion4)
    [Anonymous Symbol]                       0x0800244c   Section        0  main.o(.text.main)
    [Anonymous Symbol]                       0x080024d0   Section        0  sys.o(.text.nvic_init)
    [Anonymous Symbol]                       0x08002520   Section        0  usart.o(.text.usart_SendCmd)
    i.round                                  0x08002580   Section        0  round.o(i.round)
    i.sqrtf                                  0x08002614   Section        0  sqrtf.o(i.sqrtf)
    x$fpl$dadd                               0x08002640   Section      336  daddsub_clz.o(x$fpl$dadd)
    _dadd1                                   0x08002651   Thumb Code     0  daddsub_clz.o(x$fpl$dadd)
    x$fpl$dcmpinf                            0x08002790   Section       24  dcmpi.o(x$fpl$dcmpinf)
    x$fpl$deqf                               0x080027a8   Section      120  deqf.o(x$fpl$deqf)
    x$fpl$dfixu                              0x08002820   Section       90  dfixu.o(x$fpl$dfixu)
    x$fpl$dfltu                              0x0800287a   Section       38  dflt_clz.o(x$fpl$dfltu)
    x$fpl$dgeqf                              0x080028a0   Section      120  dgeqf.o(x$fpl$dgeqf)
    x$fpl$dleqf                              0x08002918   Section      120  dleqf.o(x$fpl$dleqf)
    x$fpl$dmul                               0x08002990   Section      340  dmul.o(x$fpl$dmul)
    x$fpl$dnaninf                            0x08002ae4   Section      156  dnaninf.o(x$fpl$dnaninf)
    x$fpl$dretinf                            0x08002b80   Section       12  dretinf.o(x$fpl$dretinf)
    x$fpl$drleqf                             0x08002b8c   Section      108  drleqf.o(x$fpl$drleqf)
    x$fpl$drnd                               0x08002bf8   Section      180  drnd.o(x$fpl$drnd)
    x$fpl$drsb                               0x08002cac   Section       22  daddsub_clz.o(x$fpl$drsb)
    x$fpl$dsub                               0x08002cc4   Section      476  daddsub_clz.o(x$fpl$dsub)
    _dsub1                                   0x08002cd5   Thumb Code     0  daddsub_clz.o(x$fpl$dsub)
    x$fpl$f2d                                0x08002ea0   Section       86  f2d.o(x$fpl$f2d)
    x$fpl$fadd                               0x08002ef8   Section      196  faddsub_clz.o(x$fpl$fadd)
    _fadd1                                   0x08002f07   Thumb Code     0  faddsub_clz.o(x$fpl$fadd)
    x$fpl$fcmp                               0x08002fbc   Section       84  dcmp.o(x$fpl$fcmp)
    x$fpl$fcmp                               0x08003010   Section       84  fcmp.o(x$fpl$fcmp)
    x$fpl$fcmpinf                            0x08003064   Section       24  fcmpi.o(x$fpl$fcmpinf)
    _fdiv1                                   0x0800307d   Thumb Code     0  fdiv.o(x$fpl$fdiv)
    x$fpl$fdiv                               0x0800307c   Section      388  fdiv.o(x$fpl$fdiv)
    x$fpl$feqf                               0x08003200   Section      104  feqf.o(x$fpl$feqf)
    x$fpl$ffix                               0x08003268   Section       54  ffix.o(x$fpl$ffix)
    x$fpl$fflt                               0x080032a0   Section       48  fflt_clz.o(x$fpl$fflt)
    x$fpl$ffltu                              0x080032d0   Section       38  fflt_clz.o(x$fpl$ffltu)
    x$fpl$fgeqf                              0x080032f8   Section      104  fgeqf.o(x$fpl$fgeqf)
    x$fpl$fleqf                              0x08003360   Section      104  fleqf.o(x$fpl$fleqf)
    x$fpl$fmul                               0x080033c8   Section      258  fmul.o(x$fpl$fmul)
    x$fpl$fnaninf                            0x080034ca   Section      140  fnaninf.o(x$fpl$fnaninf)
    x$fpl$fretinf                            0x08003556   Section       10  fretinf.o(x$fpl$fretinf)
    x$fpl$fsqrt                              0x08003560   Section      272  fsqrt.o(x$fpl$fsqrt)
    x$fpl$fsub                               0x08003670   Section      234  faddsub_clz.o(x$fpl$fsub)
    _fsub1                                   0x0800367f   Thumb Code     0  faddsub_clz.o(x$fpl$fsub)
    ADCPrescTable                            0x0800375a   Data           4  stm32f10x_rcc.o(.rodata.ADCPrescTable)
    [Anonymous Symbol]                       0x0800375a   Section        0  stm32f10x_rcc.o(.rodata.ADCPrescTable)
    x$fpl$usenofp                            0x0800375a   Section        0  usenofp.o(x$fpl$usenofp)
    APBAHBPrescTable                         0x0800375e   Data          16  stm32f10x_rcc.o(.rodata.APBAHBPrescTable)
    [Anonymous Symbol]                       0x0800375e   Section        0  stm32f10x_rcc.o(.rodata.APBAHBPrescTable)
    handle_USART_BasicQuestion2.dst          0x20000000   Data          32  serial.o(.data.handle_USART_BasicQuestion2.dst)
    [Anonymous Symbol]                       0x20000000   Section        0  serial.o(.data.handle_USART_BasicQuestion2.dst)
    .bss                                     0x20000020   Section       96  libspace.o(.bss)
    calcHomography.A                         0x200004c8   Data         288  pid.o(.bss.calcHomography.A)
    [Anonymous Symbol]                       0x200004c8   Section        0  pid.o(.bss.calcHomography.A)
    handle_USART_BasicQuestion1.RxArrayCounter 0x200005f4   Data           1  serial.o(.bss.handle_USART_BasicQuestion1.RxArrayCounter)
    [Anonymous Symbol]                       0x200005f4   Section        0  serial.o(.bss.handle_USART_BasicQuestion1.RxArrayCounter)
    handle_USART_BasicQuestion1.RxBuffer     0x200005f8   Data           4  serial.o(.bss.handle_USART_BasicQuestion1.RxBuffer)
    [Anonymous Symbol]                       0x200005f8   Section        0  serial.o(.bss.handle_USART_BasicQuestion1.RxBuffer)
    handle_USART_BasicQuestion1.RxCounter    0x200005fc   Data           1  serial.o(.bss.handle_USART_BasicQuestion1.RxCounter)
    [Anonymous Symbol]                       0x200005fc   Section        0  serial.o(.bss.handle_USART_BasicQuestion1.RxCounter)
    handle_USART_BasicQuestion1.RxState      0x200005fd   Data           1  serial.o(.bss.handle_USART_BasicQuestion1.RxState)
    [Anonymous Symbol]                       0x200005fd   Section        0  serial.o(.bss.handle_USART_BasicQuestion1.RxState)
    handle_USART_BasicQuestion1.data_packet_count 0x200005fe   Data           1  serial.o(.bss.handle_USART_BasicQuestion1.data_packet_count)
    [Anonymous Symbol]                       0x200005fe   Section        0  serial.o(.bss.handle_USART_BasicQuestion1.data_packet_count)
    handle_USART_BasicQuestion2.RxArrayCounter 0x200005ff   Data           1  serial.o(.bss.handle_USART_BasicQuestion2.RxArrayCounter)
    [Anonymous Symbol]                       0x200005ff   Section        0  serial.o(.bss.handle_USART_BasicQuestion2.RxArrayCounter)
    handle_USART_BasicQuestion2.RxBuffer     0x20000600   Data           4  serial.o(.bss.handle_USART_BasicQuestion2.RxBuffer)
    [Anonymous Symbol]                       0x20000600   Section        0  serial.o(.bss.handle_USART_BasicQuestion2.RxBuffer)
    handle_USART_BasicQuestion2.RxCounter    0x20000604   Data           1  serial.o(.bss.handle_USART_BasicQuestion2.RxCounter)
    [Anonymous Symbol]                       0x20000604   Section        0  serial.o(.bss.handle_USART_BasicQuestion2.RxCounter)
    handle_USART_BasicQuestion2.RxState      0x20000605   Data           1  serial.o(.bss.handle_USART_BasicQuestion2.RxState)
    [Anonymous Symbol]                       0x20000605   Section        0  serial.o(.bss.handle_USART_BasicQuestion2.RxState)
    handle_USART_BasicQuestion2.src          0x20000608   Data          32  serial.o(.bss.handle_USART_BasicQuestion2.src)
    [Anonymous Symbol]                       0x20000608   Section        0  serial.o(.bss.handle_USART_BasicQuestion2.src)
    integral_x                               0x20000628   Data           4  pid.o(.bss.integral_x)
    [Anonymous Symbol]                       0x20000628   Section        0  pid.o(.bss.integral_x)
    integral_y                               0x2000062c   Data           4  pid.o(.bss.integral_y)
    [Anonymous Symbol]                       0x2000062c   Section        0  pid.o(.bss.integral_y)
    time_count_last                          0x200007c0   Data           4  pid.o(.bss.time_count_last)
    [Anonymous Symbol]                       0x200007c0   Section        0  pid.o(.bss.time_count_last)
    xerr_last                                0x200007c4   Data           4  pid.o(.bss.xerr_last)
    [Anonymous Symbol]                       0x200007c4   Section        0  pid.o(.bss.xerr_last)
    yerr_last                                0x200007c8   Data           4  pid.o(.bss.yerr_last)
    [Anonymous Symbol]                       0x200007c8   Section        0  pid.o(.bss.yerr_last)
    Heap_Mem                                 0x200007d0   Data         512  startup_stm32f10x_md.o(HEAP)
    HEAP                                     0x200007d0   Section      512  startup_stm32f10x_md.o(HEAP)
    Stack_Mem                                0x200009d0   Data        4096  startup_stm32f10x_md.o(STACK)
    STACK                                    0x200009d0   Section     4096  startup_stm32f10x_md.o(STACK)
    __initial_sp                             0x200019d0   Data           0  startup_stm32f10x_md.o(STACK)

    Global Symbols

    Symbol Name                              Value     Ov Type        Size  Object(Section)

    BuildAttributes$$THM_ISAv4$P$D$K$B$S$PE$A:L22UL41UL21$X:L11$S22US41US21$IEEE1$IW$~IW$USESV6$~STKCKD$USESV7$~SHL$OTIME$ROPI$IEEEX$EBA8$UX$STANDARDLIB$REQ8$PRES8$EABIv2 0x00000000   Number         0  anon$$obj.o ABSOLUTE
    __fp_init_empty                          0x00000000   Number         0  fpinit_empty.o ABSOLUTE
    _printf_flags                            0x00000000   Number         0  printf_stubs.o ABSOLUTE
    _printf_return_value                     0x00000000   Number         0  printf_stubs.o ABSOLUTE
    _printf_sizespec                         0x00000000   Number         0  printf_stubs.o ABSOLUTE
    _printf_widthprec                        0x00000000   Number         0  printf_stubs.o ABSOLUTE
    __ARM_exceptions_init                     - Undefined Weak Reference
    __alloca_initialize                       - Undefined Weak Reference
    __arm_preinit_                            - Undefined Weak Reference
    __arm_relocate_pie_                       - Undefined Weak Reference
    __cpp_initialize__aeabi_                  - Undefined Weak Reference
    __cxa_finalize                            - Undefined Weak Reference
    __sigvec_lookup                           - Undefined Weak Reference
    _atexit_init                              - Undefined Weak Reference
    _call_atexit_fns                          - Undefined Weak Reference
    _clock_init                               - Undefined Weak Reference
    _fp_trap_init                             - Undefined Weak Reference
    _fp_trap_shutdown                         - Undefined Weak Reference
    _get_lc_collate                           - Undefined Weak Reference
    _get_lc_monetary                          - Undefined Weak Reference
    _get_lc_time                              - Undefined Weak Reference
    _getenv_init                              - Undefined Weak Reference
    _handle_redirection                       - Undefined Weak Reference
    _init_alloc                               - Undefined Weak Reference
    _init_user_alloc                          - Undefined Weak Reference
    _initio                                   - Undefined Weak Reference
    _printf_mbtowc                            - Undefined Weak Reference
    _printf_wc                                - Undefined Weak Reference
    _rand_init                                - Undefined Weak Reference
    _signal_finish                            - Undefined Weak Reference
    _signal_init                              - Undefined Weak Reference
    _terminate_alloc                          - Undefined Weak Reference
    _terminate_user_alloc                     - Undefined Weak Reference
    _terminateio                              - Undefined Weak Reference
    __Vectors_Size                           0x000000ec   Number         0  startup_stm32f10x_md.o ABSOLUTE
    __Vectors                                0x08000000   Data           4  startup_stm32f10x_md.o(RESET)
    __Vectors_End                            0x080000ec   Data           0  startup_stm32f10x_md.o(RESET)
    __main                                   0x080000ed   Thumb Code     8  __main.o(!!!main)
    __scatterload                            0x080000f5   Thumb Code     0  __scatter.o(!!!scatter)
    __scatterload_rt2                        0x080000f5   Thumb Code    84  __scatter.o(!!!scatter)
    __scatterload_rt2_thumb_only             0x080000f5   Thumb Code     0  __scatter.o(!!!scatter)
    __scatterload_loop                       0x080000ff   Thumb Code     0  __scatter.o(!!!scatter)
    __scatterload_copy                       0x08000151   Thumb Code    26  __scatter_copy.o(!!handler_copy)
    __scatterload_null                       0x0800016d   Thumb Code     2  __scatter.o(!!handler_null)
    __scatterload_zeroinit                   0x08000171   Thumb Code    28  __scatter_zi.o(!!handler_zi)
    __rt_lib_init                            0x0800018d   Thumb Code     0  libinit.o(.ARM.Collect$$libinit$$00000000)
    __rt_lib_init_alloca_1                   0x0800018f   Thumb Code     0  libinit2.o(.ARM.Collect$$libinit$$00000030)
    __rt_lib_init_argv_1                     0x0800018f   Thumb Code     0  libinit2.o(.ARM.Collect$$libinit$$0000002E)
    __rt_lib_init_atexit_1                   0x0800018f   Thumb Code     0  libinit2.o(.ARM.Collect$$libinit$$0000001D)
    __rt_lib_init_clock_1                    0x0800018f   Thumb Code     0  libinit2.o(.ARM.Collect$$libinit$$00000023)
    __rt_lib_init_cpp_1                      0x0800018f   Thumb Code     0  libinit2.o(.ARM.Collect$$libinit$$00000034)
    __rt_lib_init_exceptions_1               0x0800018f   Thumb Code     0  libinit2.o(.ARM.Collect$$libinit$$00000032)
    __rt_lib_init_fp_1                       0x0800018f   Thumb Code     0  libinit2.o(.ARM.Collect$$libinit$$00000002)
    __rt_lib_init_fp_trap_1                  0x0800018f   Thumb Code     0  libinit2.o(.ARM.Collect$$libinit$$00000021)
    __rt_lib_init_getenv_1                   0x0800018f   Thumb Code     0  libinit2.o(.ARM.Collect$$libinit$$00000025)
    __rt_lib_init_heap_1                     0x0800018f   Thumb Code     0  libinit2.o(.ARM.Collect$$libinit$$0000000C)
    __rt_lib_init_lc_collate_1               0x0800018f   Thumb Code     0  libinit2.o(.ARM.Collect$$libinit$$00000013)
    __rt_lib_init_lc_ctype_1                 0x0800018f   Thumb Code     0  libinit2.o(.ARM.Collect$$libinit$$00000015)
    __rt_lib_init_lc_monetary_1              0x0800018f   Thumb Code     0  libinit2.o(.ARM.Collect$$libinit$$00000017)
    __rt_lib_init_lc_numeric_1               0x0800018f   Thumb Code     0  libinit2.o(.ARM.Collect$$libinit$$00000019)
    __rt_lib_init_lc_time_1                  0x0800018f   Thumb Code     0  libinit2.o(.ARM.Collect$$libinit$$0000001B)
    __rt_lib_init_preinit_1                  0x0800018f   Thumb Code     0  libinit2.o(.ARM.Collect$$libinit$$00000006)
    __rt_lib_init_rand_1                     0x0800018f   Thumb Code     0  libinit2.o(.ARM.Collect$$libinit$$00000010)
    __rt_lib_init_relocate_pie_1             0x0800018f   Thumb Code     0  libinit2.o(.ARM.Collect$$libinit$$00000004)
    __rt_lib_init_return                     0x0800018f   Thumb Code     0  libinit2.o(.ARM.Collect$$libinit$$00000035)
    __rt_lib_init_signal_1                   0x0800018f   Thumb Code     0  libinit2.o(.ARM.Collect$$libinit$$0000001F)
    __rt_lib_init_stdio_1                    0x0800018f   Thumb Code     0  libinit2.o(.ARM.Collect$$libinit$$00000027)
    __rt_lib_init_user_alloc_1               0x0800018f   Thumb Code     0  libinit2.o(.ARM.Collect$$libinit$$0000000E)
    __rt_lib_shutdown                        0x08000191   Thumb Code     0  libshutdown.o(.ARM.Collect$$libshutdown$$00000000)
    __rt_lib_shutdown_cpp_1                  0x08000193   Thumb Code     0  libshutdown2.o(.ARM.Collect$$libshutdown$$00000002)
    __rt_lib_shutdown_fp_trap_1              0x08000193   Thumb Code     0  libshutdown2.o(.ARM.Collect$$libshutdown$$00000007)
    __rt_lib_shutdown_heap_1                 0x08000193   Thumb Code     0  libshutdown2.o(.ARM.Collect$$libshutdown$$0000000F)
    __rt_lib_shutdown_return                 0x08000193   Thumb Code     0  libshutdown2.o(.ARM.Collect$$libshutdown$$00000010)
    __rt_lib_shutdown_signal_1               0x08000193   Thumb Code     0  libshutdown2.o(.ARM.Collect$$libshutdown$$0000000A)
    __rt_lib_shutdown_stdio_1                0x08000193   Thumb Code     0  libshutdown2.o(.ARM.Collect$$libshutdown$$00000004)
    __rt_lib_shutdown_user_alloc_1           0x08000193   Thumb Code     0  libshutdown2.o(.ARM.Collect$$libshutdown$$0000000C)
    __rt_entry                               0x08000195   Thumb Code     0  __rtentry.o(.ARM.Collect$$rtentry$$00000000)
    __rt_entry_presh_1                       0x08000195   Thumb Code     0  __rtentry2.o(.ARM.Collect$$rtentry$$00000002)
    __rt_entry_sh                            0x08000195   Thumb Code     0  __rtentry4.o(.ARM.Collect$$rtentry$$00000004)
    __rt_entry_li                            0x0800019b   Thumb Code     0  __rtentry2.o(.ARM.Collect$$rtentry$$0000000A)
    __rt_entry_postsh_1                      0x0800019b   Thumb Code     0  __rtentry2.o(.ARM.Collect$$rtentry$$00000009)
    __rt_entry_main                          0x0800019f   Thumb Code     0  __rtentry2.o(.ARM.Collect$$rtentry$$0000000D)
    __rt_entry_postli_1                      0x0800019f   Thumb Code     0  __rtentry2.o(.ARM.Collect$$rtentry$$0000000C)
    __rt_exit                                0x080001a7   Thumb Code     0  rtexit.o(.ARM.Collect$$rtexit$$00000000)
    __rt_exit_ls                             0x080001a9   Thumb Code     0  rtexit2.o(.ARM.Collect$$rtexit$$00000003)
    __rt_exit_prels_1                        0x080001a9   Thumb Code     0  rtexit2.o(.ARM.Collect$$rtexit$$00000002)
    __rt_exit_exit                           0x080001ad   Thumb Code     0  rtexit2.o(.ARM.Collect$$rtexit$$00000004)
    Reset_Handler                            0x080001b5   Thumb Code     8  startup_stm32f10x_md.o(.text)
    ADC1_2_IRQHandler                        0x080001cf   Thumb Code     0  startup_stm32f10x_md.o(.text)
    CAN1_RX1_IRQHandler                      0x080001cf   Thumb Code     0  startup_stm32f10x_md.o(.text)
    CAN1_SCE_IRQHandler                      0x080001cf   Thumb Code     0  startup_stm32f10x_md.o(.text)
    DMA1_Channel1_IRQHandler                 0x080001cf   Thumb Code     0  startup_stm32f10x_md.o(.text)
    DMA1_Channel2_IRQHandler                 0x080001cf   Thumb Code     0  startup_stm32f10x_md.o(.text)
    DMA1_Channel3_IRQHandler                 0x080001cf   Thumb Code     0  startup_stm32f10x_md.o(.text)
    DMA1_Channel4_IRQHandler                 0x080001cf   Thumb Code     0  startup_stm32f10x_md.o(.text)
    DMA1_Channel5_IRQHandler                 0x080001cf   Thumb Code     0  startup_stm32f10x_md.o(.text)
    DMA1_Channel6_IRQHandler                 0x080001cf   Thumb Code     0  startup_stm32f10x_md.o(.text)
    DMA1_Channel7_IRQHandler                 0x080001cf   Thumb Code     0  startup_stm32f10x_md.o(.text)
    EXTI0_IRQHandler                         0x080001cf   Thumb Code     0  startup_stm32f10x_md.o(.text)
    EXTI15_10_IRQHandler                     0x080001cf   Thumb Code     0  startup_stm32f10x_md.o(.text)
    EXTI1_IRQHandler                         0x080001cf   Thumb Code     0  startup_stm32f10x_md.o(.text)
    EXTI2_IRQHandler                         0x080001cf   Thumb Code     0  startup_stm32f10x_md.o(.text)
    EXTI3_IRQHandler                         0x080001cf   Thumb Code     0  startup_stm32f10x_md.o(.text)
    EXTI4_IRQHandler                         0x080001cf   Thumb Code     0  startup_stm32f10x_md.o(.text)
    EXTI9_5_IRQHandler                       0x080001cf   Thumb Code     0  startup_stm32f10x_md.o(.text)
    FLASH_IRQHandler                         0x080001cf   Thumb Code     0  startup_stm32f10x_md.o(.text)
    I2C1_ER_IRQHandler                       0x080001cf   Thumb Code     0  startup_stm32f10x_md.o(.text)
    I2C1_EV_IRQHandler                       0x080001cf   Thumb Code     0  startup_stm32f10x_md.o(.text)
    I2C2_ER_IRQHandler                       0x080001cf   Thumb Code     0  startup_stm32f10x_md.o(.text)
    I2C2_EV_IRQHandler                       0x080001cf   Thumb Code     0  startup_stm32f10x_md.o(.text)
    PVD_IRQHandler                           0x080001cf   Thumb Code     0  startup_stm32f10x_md.o(.text)
    RCC_IRQHandler                           0x080001cf   Thumb Code     0  startup_stm32f10x_md.o(.text)
    RTCAlarm_IRQHandler                      0x080001cf   Thumb Code     0  startup_stm32f10x_md.o(.text)
    RTC_IRQHandler                           0x080001cf   Thumb Code     0  startup_stm32f10x_md.o(.text)
    SPI1_IRQHandler                          0x080001cf   Thumb Code     0  startup_stm32f10x_md.o(.text)
    SPI2_IRQHandler                          0x080001cf   Thumb Code     0  startup_stm32f10x_md.o(.text)
    TAMPER_IRQHandler                        0x080001cf   Thumb Code     0  startup_stm32f10x_md.o(.text)
    TIM1_BRK_IRQHandler                      0x080001cf   Thumb Code     0  startup_stm32f10x_md.o(.text)
    TIM1_CC_IRQHandler                       0x080001cf   Thumb Code     0  startup_stm32f10x_md.o(.text)
    TIM1_TRG_COM_IRQHandler                  0x080001cf   Thumb Code     0  startup_stm32f10x_md.o(.text)
    TIM1_UP_IRQHandler                       0x080001cf   Thumb Code     0  startup_stm32f10x_md.o(.text)
    TIM4_IRQHandler                          0x080001cf   Thumb Code     0  startup_stm32f10x_md.o(.text)
    USART1_IRQHandler                        0x080001cf   Thumb Code     0  startup_stm32f10x_md.o(.text)
    USBWakeUp_IRQHandler                     0x080001cf   Thumb Code     0  startup_stm32f10x_md.o(.text)
    USB_HP_CAN1_TX_IRQHandler                0x080001cf   Thumb Code     0  startup_stm32f10x_md.o(.text)
    USB_LP_CAN1_RX0_IRQHandler               0x080001cf   Thumb Code     0  startup_stm32f10x_md.o(.text)
    WWDG_IRQHandler                          0x080001cf   Thumb Code     0  startup_stm32f10x_md.o(.text)
    __user_initial_stackheap                 0x080001d1   Thumb Code     0  startup_stm32f10x_md.o(.text)
    __aeabi_memclr4                          0x080001f5   Thumb Code     0  rt_memclr_w.o(.text)
    __aeabi_memclr8                          0x080001f5   Thumb Code     0  rt_memclr_w.o(.text)
    __rt_memclr_w                            0x080001f5   Thumb Code     0  rt_memclr_w.o(.text)
    _memset_w                                0x080001f9   Thumb Code    74  rt_memclr_w.o(.text)
    strcmp                                   0x08000245   Thumb Code   128  strcmpv7m.o(.text)
    __use_two_region_memory                  0x080002c5   Thumb Code     2  heapauxi.o(.text)
    __rt_heap_escrow$2region                 0x080002c7   Thumb Code     2  heapauxi.o(.text)
    __rt_heap_expand$2region                 0x080002c9   Thumb Code     2  heapauxi.o(.text)
    __read_errno                             0x080002cb   Thumb Code    10  _rserrno.o(.text)
    __set_errno                              0x080002d5   Thumb Code    12  _rserrno.o(.text)
    __aeabi_errno_addr                       0x080002e1   Thumb Code     8  rt_errno_addr_intlibspace.o(.text)
    __errno$intlibspace                      0x080002e1   Thumb Code     0  rt_errno_addr_intlibspace.o(.text)
    __rt_errno_addr$intlibspace              0x080002e1   Thumb Code     0  rt_errno_addr_intlibspace.o(.text)
    __user_libspace                          0x080002e9   Thumb Code     8  libspace.o(.text)
    __user_perproc_libspace                  0x080002e9   Thumb Code     0  libspace.o(.text)
    __user_perthread_libspace                0x080002e9   Thumb Code     0  libspace.o(.text)
    __user_setup_stackheap                   0x080002f1   Thumb Code    74  sys_stackheap_outer.o(.text)
    exit                                     0x0800033b   Thumb Code    18  exit.o(.text)
    _sys_exit                                0x0800034d   Thumb Code     8  sys_exit.o(.text)
    __I$use$semihosting                      0x08000359   Thumb Code     0  use_no_semi.o(.text)
    __use_no_semihosting_swi                 0x08000359   Thumb Code     2  use_no_semi.o(.text)
    __semihosting_library_function           0x0800035b   Thumb Code     0  indicate_semi.o(.text)
    BusFault_Handler                         0x0800035d   Thumb Code     2  stm32f10x_it.o(.text.BusFault_Handler)
    DebugMon_Handler                         0x08000361   Thumb Code     2  stm32f10x_it.o(.text.DebugMon_Handler)
    Delay_ms                                 0x08000365   Thumb Code    62  delay.o(.text.Delay_ms)
    Emm_V5_Pos_Control                       0x080003a5   Thumb Code    98  emm_v5.o(.text.Emm_V5_Pos_Control)
    Emm_V5_Synchronous_motion                0x08000409   Thumb Code    44  emm_v5.o(.text.Emm_V5_Synchronous_motion)
    GPIO_Init                                0x08000435   Thumb Code   188  stm32f10x_gpio.o(.text.GPIO_Init)
    GPIO_PinRemapConfig                      0x080004f1   Thumb Code   128  stm32f10x_gpio.o(.text.GPIO_PinRemapConfig)
    GPIO_WriteBit                            0x08000571   Thumb Code    12  stm32f10x_gpio.o(.text.GPIO_WriteBit)
    HardFault_Handler                        0x0800057d   Thumb Code     2  stm32f10x_it.o(.text.HardFault_Handler)
    Key_Init                                 0x08000581   Thumb Code    38  key.o(.text.Key_Init)
    MemManage_Handler                        0x080005a9   Thumb Code     2  stm32f10x_it.o(.text.MemManage_Handler)
    NMI_Handler                              0x080005ad   Thumb Code     2  stm32f10x_it.o(.text.NMI_Handler)
    NVIC_Init                                0x080005b1   Thumb Code    94  misc.o(.text.NVIC_Init)
    NVIC_PriorityGroupConfig                 0x08000611   Thumb Code    20  misc.o(.text.NVIC_PriorityGroupConfig)
    OLED_I2C_SendByte                        0x08000625   Thumb Code    92  oled.o(.text.OLED_I2C_SendByte)
    OLED_Init                                0x08000681   Thumb Code   284  oled.o(.text.OLED_Init)
    OLED_ShowFloatNum                        0x0800079d   Thumb Code   666  oled.o(.text.OLED_ShowFloatNum)
    OLED_ShowImage                           0x08000a39   Thumb Code   298  oled.o(.text.OLED_ShowImage)
    OLED_ShowString                          0x08000b65   Thumb Code   478  oled.o(.text.OLED_ShowString)
    OLED_Update                              0x08000d45   Thumb Code    54  oled.o(.text.OLED_Update)
    OLED_WriteCommand                        0x08000d7d   Thumb Code   178  oled.o(.text.OLED_WriteCommand)
    OLED_WriteData                           0x08000e31   Thumb Code   132  oled.o(.text.OLED_WriteData)
    PID_Control                              0x08000eb5   Thumb Code   488  pid.o(.text.PID_Control)
    PID_Init                                 0x0800109d   Thumb Code    18  pid.o(.text.PID_Init)
    PendSV_Handler                           0x080010b1   Thumb Code     2  stm32f10x_it.o(.text.PendSV_Handler)
    Position_PID_Control                     0x080010b5   Thumb Code   340  pid.o(.text.Position_PID_Control)
    RCC_APB1PeriphClockCmd                   0x08001209   Thumb Code    24  stm32f10x_rcc.o(.text.RCC_APB1PeriphClockCmd)
    RCC_APB2PeriphClockCmd                   0x08001221   Thumb Code    24  stm32f10x_rcc.o(.text.RCC_APB2PeriphClockCmd)
    RCC_GetClocksFreq                        0x08001239   Thumb Code   140  stm32f10x_rcc.o(.text.RCC_GetClocksFreq)
    SVC_Handler                              0x080012c5   Thumb Code     2  stm32f10x_it.o(.text.SVC_Handler)
    Serial_Init                              0x080012c9   Thumb Code   134  serial.o(.text.Serial_Init)
    Serial_SendByte                          0x08001351   Thumb Code    34  serial.o(.text.Serial_SendByte)
    Serial_SendPacket                        0x08001375   Thumb Code    96  serial.o(.text.Serial_SendPacket)
    SysTick_Handler                          0x080013d5   Thumb Code     2  stm32f10x_it.o(.text.SysTick_Handler)
    SystemInit                               0x080013d9   Thumb Code   268  system_stm32f10x.o(.text.SystemInit)
    TIM2_IRQHandler                          0x080014e5   Thumb Code    32  main.o(.text.TIM2_IRQHandler)
    TIM3_IRQHandler                          0x08001505   Thumb Code    50  timer.o(.text.TIM3_IRQHandler)
    TIM_ClearFlag                            0x08001539   Thumb Code     6  stm32f10x_tim.o(.text.TIM_ClearFlag)
    TIM_ClearITPendingBit                    0x08001541   Thumb Code     6  stm32f10x_tim.o(.text.TIM_ClearITPendingBit)
    TIM_Cmd                                  0x08001549   Thumb Code    18  stm32f10x_tim.o(.text.TIM_Cmd)
    TIM_GetITStatus                          0x0800155d   Thumb Code    24  stm32f10x_tim.o(.text.TIM_GetITStatus)
    TIM_ITConfig                             0x08001575   Thumb Code    16  stm32f10x_tim.o(.text.TIM_ITConfig)
    TIM_InternalClockConfig                  0x08001585   Thumb Code    10  stm32f10x_tim.o(.text.TIM_InternalClockConfig)
    TIM_TimeBaseInit                         0x08001591   Thumb Code   170  stm32f10x_tim.o(.text.TIM_TimeBaseInit)
    Timer_Init                               0x0800163d   Thumb Code   162  timer.o(.text.Timer_Init)
    USART2_IRQHandler                        0x080016e1   Thumb Code   154  usart.o(.text.USART2_IRQHandler)
    USART3_IRQHandler                        0x0800177d   Thumb Code   136  serial.o(.text.USART3_IRQHandler)
    USART_ClearITPendingBit                  0x0800181d   Thumb Code    14  stm32f10x_usart.o(.text.USART_ClearITPendingBit)
    USART_Cmd                                0x0800182d   Thumb Code    20  stm32f10x_usart.o(.text.USART_Cmd)
    USART_GetFlagStatus                      0x08001841   Thumb Code    10  stm32f10x_usart.o(.text.USART_GetFlagStatus)
    USART_GetITStatus                        0x0800184d   Thumb Code    50  stm32f10x_usart.o(.text.USART_GetITStatus)
    USART_ITConfig                           0x08001881   Thumb Code    46  stm32f10x_usart.o(.text.USART_ITConfig)
    USART_Init                               0x080018b1   Thumb Code   182  stm32f10x_usart.o(.text.USART_Init)
    USART_ReceiveData                        0x08001969   Thumb Code     8  stm32f10x_usart.o(.text.USART_ReceiveData)
    USART_SendData                           0x08001971   Thumb Code     8  stm32f10x_usart.o(.text.USART_SendData)
    UsageFault_Handler                       0x08001979   Thumb Code     2  stm32f10x_it.o(.text.UsageFault_Handler)
    board_init                               0x0800197d   Thumb Code   172  board.o(.text.board_init)
    calcHomography                           0x08001a29   Thumb Code  1548  pid.o(.text.calcHomography)
    fifo_deQueue                             0x08002035   Thumb Code    44  fifo.o(.text.fifo_deQueue)
    fifo_enQueue                             0x08002061   Thumb Code    44  fifo.o(.text.fifo_enQueue)
    fifo_queueLength                         0x0800208d   Thumb Code    50  fifo.o(.text.fifo_queueLength)
    handle_USART_BasicQuestion1              0x080020c1   Thumb Code   462  serial.o(.text.handle_USART_BasicQuestion1)
    handle_USART_BasicQuestion2              0x08002291   Thumb Code   436  serial.o(.text.handle_USART_BasicQuestion2)
    handle_USART_BasicQuestion3              0x08002445   Thumb Code     2  serial.o(.text.handle_USART_BasicQuestion3)
    handle_USART_BasicQuestion4              0x08002449   Thumb Code     2  serial.o(.text.handle_USART_BasicQuestion4)
    main                                     0x0800244d   Thumb Code   124  main.o(.text.main)
    nvic_init                                0x080024d1   Thumb Code    80  sys.o(.text.nvic_init)
    usart_SendCmd                            0x08002521   Thumb Code    96  usart.o(.text.usart_SendCmd)
    round                                    0x08002581   Thumb Code   136  round.o(i.round)
    sqrtf                                    0x08002615   Thumb Code    44  sqrtf.o(i.sqrtf)
    __aeabi_dadd                             0x08002641   Thumb Code     0  daddsub_clz.o(x$fpl$dadd)
    _dadd                                    0x08002641   Thumb Code   332  daddsub_clz.o(x$fpl$dadd)
    __fpl_dcmp_Inf                           0x08002791   Thumb Code    24  dcmpi.o(x$fpl$dcmpinf)
    __aeabi_cdcmpeq                          0x080027a9   Thumb Code     0  deqf.o(x$fpl$deqf)
    _dcmpeq                                  0x080027a9   Thumb Code   120  deqf.o(x$fpl$deqf)
    __aeabi_d2uiz                            0x08002821   Thumb Code     0  dfixu.o(x$fpl$dfixu)
    _dfixu                                   0x08002821   Thumb Code    90  dfixu.o(x$fpl$dfixu)
    __aeabi_ui2d                             0x0800287b   Thumb Code     0  dflt_clz.o(x$fpl$dfltu)
    _dfltu                                   0x0800287b   Thumb Code    38  dflt_clz.o(x$fpl$dfltu)
    __aeabi_cdcmpge                          0x080028a1   Thumb Code     0  dgeqf.o(x$fpl$dgeqf)
    _dcmpge                                  0x080028a1   Thumb Code   120  dgeqf.o(x$fpl$dgeqf)
    __aeabi_cdcmple                          0x08002919   Thumb Code     0  dleqf.o(x$fpl$dleqf)
    _dcmple                                  0x08002919   Thumb Code   120  dleqf.o(x$fpl$dleqf)
    __fpl_dcmple_InfNaN                      0x0800297b   Thumb Code     0  dleqf.o(x$fpl$dleqf)
    __aeabi_dmul                             0x08002991   Thumb Code     0  dmul.o(x$fpl$dmul)
    _dmul                                    0x08002991   Thumb Code   332  dmul.o(x$fpl$dmul)
    __fpl_dnaninf                            0x08002ae5   Thumb Code   156  dnaninf.o(x$fpl$dnaninf)
    __fpl_dretinf                            0x08002b81   Thumb Code    12  dretinf.o(x$fpl$dretinf)
    __aeabi_cdrcmple                         0x08002b8d   Thumb Code     0  drleqf.o(x$fpl$drleqf)
    _drcmple                                 0x08002b8d   Thumb Code   108  drleqf.o(x$fpl$drleqf)
    _drnd                                    0x08002bf9   Thumb Code   180  drnd.o(x$fpl$drnd)
    __aeabi_drsub                            0x08002cad   Thumb Code     0  daddsub_clz.o(x$fpl$drsb)
    _drsb                                    0x08002cad   Thumb Code    22  daddsub_clz.o(x$fpl$drsb)
    __aeabi_dsub                             0x08002cc5   Thumb Code     0  daddsub_clz.o(x$fpl$dsub)
    _dsub                                    0x08002cc5   Thumb Code   472  daddsub_clz.o(x$fpl$dsub)
    __aeabi_f2d                              0x08002ea1   Thumb Code     0  f2d.o(x$fpl$f2d)
    _f2d                                     0x08002ea1   Thumb Code    86  f2d.o(x$fpl$f2d)
    __aeabi_fadd                             0x08002ef9   Thumb Code     0  faddsub_clz.o(x$fpl$fadd)
    _fadd                                    0x08002ef9   Thumb Code   196  faddsub_clz.o(x$fpl$fadd)
    __aeabi_dcmpeq                           0x08002fbd   Thumb Code     0  dcmp.o(x$fpl$fcmp)
    _deq                                     0x08002fbd   Thumb Code    14  dcmp.o(x$fpl$fcmp)
    _dneq                                    0x08002fcb   Thumb Code    14  dcmp.o(x$fpl$fcmp)
    __aeabi_dcmpgt                           0x08002fd9   Thumb Code     0  dcmp.o(x$fpl$fcmp)
    _dgr                                     0x08002fd9   Thumb Code    14  dcmp.o(x$fpl$fcmp)
    __aeabi_dcmpge                           0x08002fe7   Thumb Code     0  dcmp.o(x$fpl$fcmp)
    _dgeq                                    0x08002fe7   Thumb Code    14  dcmp.o(x$fpl$fcmp)
    __aeabi_dcmple                           0x08002ff5   Thumb Code     0  dcmp.o(x$fpl$fcmp)
    _dleq                                    0x08002ff5   Thumb Code    14  dcmp.o(x$fpl$fcmp)
    __aeabi_dcmplt                           0x08003003   Thumb Code     0  dcmp.o(x$fpl$fcmp)
    _dls                                     0x08003003   Thumb Code    14  dcmp.o(x$fpl$fcmp)
    __aeabi_fcmpeq                           0x08003011   Thumb Code     0  fcmp.o(x$fpl$fcmp)
    _feq                                     0x08003011   Thumb Code    14  fcmp.o(x$fpl$fcmp)
    _fneq                                    0x0800301f   Thumb Code    14  fcmp.o(x$fpl$fcmp)
    __aeabi_fcmpgt                           0x0800302d   Thumb Code     0  fcmp.o(x$fpl$fcmp)
    _fgr                                     0x0800302d   Thumb Code    14  fcmp.o(x$fpl$fcmp)
    __aeabi_fcmpge                           0x0800303b   Thumb Code     0  fcmp.o(x$fpl$fcmp)
    _fgeq                                    0x0800303b   Thumb Code    14  fcmp.o(x$fpl$fcmp)
    __aeabi_fcmple                           0x08003049   Thumb Code     0  fcmp.o(x$fpl$fcmp)
    _fleq                                    0x08003049   Thumb Code    14  fcmp.o(x$fpl$fcmp)
    __aeabi_fcmplt                           0x08003057   Thumb Code     0  fcmp.o(x$fpl$fcmp)
    _fls                                     0x08003057   Thumb Code    14  fcmp.o(x$fpl$fcmp)
    __fpl_fcmp_Inf                           0x08003065   Thumb Code    24  fcmpi.o(x$fpl$fcmpinf)
    __aeabi_fdiv                             0x0800307d   Thumb Code     0  fdiv.o(x$fpl$fdiv)
    _fdiv                                    0x0800307d   Thumb Code   384  fdiv.o(x$fpl$fdiv)
    __aeabi_cfcmpeq                          0x08003201   Thumb Code     0  feqf.o(x$fpl$feqf)
    _fcmpeq                                  0x08003201   Thumb Code   104  feqf.o(x$fpl$feqf)
    __aeabi_f2iz                             0x08003269   Thumb Code     0  ffix.o(x$fpl$ffix)
    _ffix                                    0x08003269   Thumb Code    54  ffix.o(x$fpl$ffix)
    __aeabi_i2f                              0x080032a1   Thumb Code     0  fflt_clz.o(x$fpl$fflt)
    _fflt                                    0x080032a1   Thumb Code    48  fflt_clz.o(x$fpl$fflt)
    __aeabi_ui2f                             0x080032d1   Thumb Code     0  fflt_clz.o(x$fpl$ffltu)
    _ffltu                                   0x080032d1   Thumb Code    38  fflt_clz.o(x$fpl$ffltu)
    _fcmpge                                  0x080032f9   Thumb Code   104  fgeqf.o(x$fpl$fgeqf)
    __aeabi_cfcmple                          0x08003361   Thumb Code     0  fleqf.o(x$fpl$fleqf)
    _fcmple                                  0x08003361   Thumb Code   104  fleqf.o(x$fpl$fleqf)
    __fpl_fcmple_InfNaN                      0x080033b3   Thumb Code     0  fleqf.o(x$fpl$fleqf)
    __aeabi_fmul                             0x080033c9   Thumb Code     0  fmul.o(x$fpl$fmul)
    _fmul                                    0x080033c9   Thumb Code   258  fmul.o(x$fpl$fmul)
    __fpl_fnaninf                            0x080034cb   Thumb Code   140  fnaninf.o(x$fpl$fnaninf)
    __fpl_fretinf                            0x08003557   Thumb Code    10  fretinf.o(x$fpl$fretinf)
    _fsqrt                                   0x08003561   Thumb Code   272  fsqrt.o(x$fpl$fsqrt)
    __aeabi_fsub                             0x08003671   Thumb Code     0  faddsub_clz.o(x$fpl$fsub)
    _fsub                                    0x08003671   Thumb Code   234  faddsub_clz.o(x$fpl$fsub)
    __I$use$fp                               0x0800375a   Number         0  usenofp.o(x$fpl$usenofp)
    OLED_CF16x16                             0x0800376e   Data         259  oled_data.o(.rodata.OLED_CF16x16)
    OLED_F6x8                                0x08003871   Data         570  oled_data.o(.rodata.OLED_F6x8)
    OLED_F8x16                               0x08003aab   Data        1520  oled_data.o(.rodata.OLED_F8x16)
    Region$$Table$$Base                      0x0800409c   Number         0  anon$$obj.o(Region$$Table)
    Region$$Table$$Limit                     0x080040bc   Number         0  anon$$obj.o(Region$$Table)
    __libspace_start                         0x20000020   Data          96  libspace.o(.bss)
    H                                        0x20000080   Data          36  pid.o(.bss.H)
    __temporary_stack_top$libspace           0x20000080   Data           0  libspace.o(.bss)
    OLED_DisplayBuf                          0x200000a4   Data        1024  oled.o(.bss.OLED_DisplayBuf)
    Position_PID_x                           0x200004a4   Data          12  pid.o(.bss.Position_PID_x)
    Position_PID_y                           0x200004b0   Data          12  pid.o(.bss.Position_PID_y)
    Power_on_flag                            0x200004bc   Data           1  main.o(.bss.Power_on_flag)
    Questionx                                0x200004bd   Data           1  main.o(.bss.Questionx)
    Stop_flag                                0x200004be   Data           1  main.o(.bss.Stop_flag)
    Target_Vertical_x                        0x200004c0   Data           4  pid.o(.bss.Target_Vertical_x)
    Target_Vertical_y                        0x200004c4   Data           4  pid.o(.bss.Target_Vertical_y)
    center_x                                 0x200005e8   Data           4  serial.o(.bss.center_x)
    center_y                                 0x200005ec   Data           4  serial.o(.bss.center_y)
    g_timer3_count                           0x200005f0   Data           4  timer.o(.bss.g_timer3_count)
    rxCmd                                    0x20000630   Data         128  usart.o(.bss.rxCmd)
    rxCount                                  0x200006b0   Data           1  usart.o(.bss.rxCount)
    rxFIFO                                   0x200006b2   Data         258  fifo.o(.bss.rxFIFO)
    rxFrameFlag                              0x200007b4   Data           1  usart.o(.bss.rxFrameFlag)
    target_x                                 0x200007b8   Data           4  pid.o(.bss.target_x)
    target_y                                 0x200007bc   Data           4  pid.o(.bss.target_y)



==============================================================================

Memory Map of the image

  Image Entry point : 0x080000ed

  Load Region LR_IROM1 (Base: 0x08000000, Size: 0x000040e0, Max: 0x00010000, ABSOLUTE)

    Execution Region ER_IROM1 (Exec base: 0x08000000, Load base: 0x08000000, Size: 0x000040bc, Max: 0x00010000, ABSOLUTE)

    Exec Addr    Load Addr    Size         Type   Attr      Idx    E Section Name        Object

    0x08000000   0x08000000   0x000000ec   Data   RO            3    RESET               startup_stm32f10x_md.o
    0x080000ec   0x080000ec   0x00000008   Code   RO         1506  * !!!main             c_w.l(__main.o)
    0x080000f4   0x080000f4   0x0000005c   Code   RO         1974    !!!scatter          c_w.l(__scatter.o)
    0x08000150   0x08000150   0x0000001a   Code   RO         1978    !!handler_copy      c_w.l(__scatter_copy.o)
    0x0800016a   0x0800016a   0x00000002   PAD
    0x0800016c   0x0800016c   0x00000002   Code   RO         1975    !!handler_null      c_w.l(__scatter.o)
    0x0800016e   0x0800016e   0x00000002   PAD
    0x08000170   0x08000170   0x0000001c   Code   RO         1980    !!handler_zi        c_w.l(__scatter_zi.o)
    0x0800018c   0x0800018c   0x00000002   Code   RO         1824    .ARM.Collect$$libinit$$00000000  c_w.l(libinit.o)
    0x0800018e   0x0800018e   0x00000000   Code   RO         1837    .ARM.Collect$$libinit$$00000002  c_w.l(libinit2.o)
    0x0800018e   0x0800018e   0x00000000   Code   RO         1839    .ARM.Collect$$libinit$$00000004  c_w.l(libinit2.o)
    0x0800018e   0x0800018e   0x00000000   Code   RO         1841    .ARM.Collect$$libinit$$00000006  c_w.l(libinit2.o)
    0x0800018e   0x0800018e   0x00000000   Code   RO         1844    .ARM.Collect$$libinit$$0000000C  c_w.l(libinit2.o)
    0x0800018e   0x0800018e   0x00000000   Code   RO         1846    .ARM.Collect$$libinit$$0000000E  c_w.l(libinit2.o)
    0x0800018e   0x0800018e   0x00000000   Code   RO         1848    .ARM.Collect$$libinit$$00000010  c_w.l(libinit2.o)
    0x0800018e   0x0800018e   0x00000000   Code   RO         1851    .ARM.Collect$$libinit$$00000013  c_w.l(libinit2.o)
    0x0800018e   0x0800018e   0x00000000   Code   RO         1853    .ARM.Collect$$libinit$$00000015  c_w.l(libinit2.o)
    0x0800018e   0x0800018e   0x00000000   Code   RO         1855    .ARM.Collect$$libinit$$00000017  c_w.l(libinit2.o)
    0x0800018e   0x0800018e   0x00000000   Code   RO         1857    .ARM.Collect$$libinit$$00000019  c_w.l(libinit2.o)
    0x0800018e   0x0800018e   0x00000000   Code   RO         1859    .ARM.Collect$$libinit$$0000001B  c_w.l(libinit2.o)
    0x0800018e   0x0800018e   0x00000000   Code   RO         1861    .ARM.Collect$$libinit$$0000001D  c_w.l(libinit2.o)
    0x0800018e   0x0800018e   0x00000000   Code   RO         1863    .ARM.Collect$$libinit$$0000001F  c_w.l(libinit2.o)
    0x0800018e   0x0800018e   0x00000000   Code   RO         1865    .ARM.Collect$$libinit$$00000021  c_w.l(libinit2.o)
    0x0800018e   0x0800018e   0x00000000   Code   RO         1867    .ARM.Collect$$libinit$$00000023  c_w.l(libinit2.o)
    0x0800018e   0x0800018e   0x00000000   Code   RO         1869    .ARM.Collect$$libinit$$00000025  c_w.l(libinit2.o)
    0x0800018e   0x0800018e   0x00000000   Code   RO         1871    .ARM.Collect$$libinit$$00000027  c_w.l(libinit2.o)
    0x0800018e   0x0800018e   0x00000000   Code   RO         1875    .ARM.Collect$$libinit$$0000002E  c_w.l(libinit2.o)
    0x0800018e   0x0800018e   0x00000000   Code   RO         1877    .ARM.Collect$$libinit$$00000030  c_w.l(libinit2.o)
    0x0800018e   0x0800018e   0x00000000   Code   RO         1879    .ARM.Collect$$libinit$$00000032  c_w.l(libinit2.o)
    0x0800018e   0x0800018e   0x00000000   Code   RO         1881    .ARM.Collect$$libinit$$00000034  c_w.l(libinit2.o)
    0x0800018e   0x0800018e   0x00000002   Code   RO         1882    .ARM.Collect$$libinit$$00000035  c_w.l(libinit2.o)
    0x08000190   0x08000190   0x00000002   Code   RO         1910    .ARM.Collect$$libshutdown$$00000000  c_w.l(libshutdown.o)
    0x08000192   0x08000192   0x00000000   Code   RO         1925    .ARM.Collect$$libshutdown$$00000002  c_w.l(libshutdown2.o)
    0x08000192   0x08000192   0x00000000   Code   RO         1927    .ARM.Collect$$libshutdown$$00000004  c_w.l(libshutdown2.o)
    0x08000192   0x08000192   0x00000000   Code   RO         1930    .ARM.Collect$$libshutdown$$00000007  c_w.l(libshutdown2.o)
    0x08000192   0x08000192   0x00000000   Code   RO         1933    .ARM.Collect$$libshutdown$$0000000A  c_w.l(libshutdown2.o)
    0x08000192   0x08000192   0x00000000   Code   RO         1935    .ARM.Collect$$libshutdown$$0000000C  c_w.l(libshutdown2.o)
    0x08000192   0x08000192   0x00000000   Code   RO         1938    .ARM.Collect$$libshutdown$$0000000F  c_w.l(libshutdown2.o)
    0x08000192   0x08000192   0x00000002   Code   RO         1939    .ARM.Collect$$libshutdown$$00000010  c_w.l(libshutdown2.o)
    0x08000194   0x08000194   0x00000000   Code   RO         1574    .ARM.Collect$$rtentry$$00000000  c_w.l(__rtentry.o)
    0x08000194   0x08000194   0x00000000   Code   RO         1724    .ARM.Collect$$rtentry$$00000002  c_w.l(__rtentry2.o)
    0x08000194   0x08000194   0x00000006   Code   RO         1736    .ARM.Collect$$rtentry$$00000004  c_w.l(__rtentry4.o)
    0x0800019a   0x0800019a   0x00000000   Code   RO         1726    .ARM.Collect$$rtentry$$00000009  c_w.l(__rtentry2.o)
    0x0800019a   0x0800019a   0x00000004   Code   RO         1727    .ARM.Collect$$rtentry$$0000000A  c_w.l(__rtentry2.o)
    0x0800019e   0x0800019e   0x00000000   Code   RO         1729    .ARM.Collect$$rtentry$$0000000C  c_w.l(__rtentry2.o)
    0x0800019e   0x0800019e   0x00000008   Code   RO         1730    .ARM.Collect$$rtentry$$0000000D  c_w.l(__rtentry2.o)
    0x080001a6   0x080001a6   0x00000002   Code   RO         1829    .ARM.Collect$$rtexit$$00000000  c_w.l(rtexit.o)
    0x080001a8   0x080001a8   0x00000000   Code   RO         1886    .ARM.Collect$$rtexit$$00000002  c_w.l(rtexit2.o)
    0x080001a8   0x080001a8   0x00000004   Code   RO         1887    .ARM.Collect$$rtexit$$00000003  c_w.l(rtexit2.o)
    0x080001ac   0x080001ac   0x00000006   Code   RO         1888    .ARM.Collect$$rtexit$$00000004  c_w.l(rtexit2.o)
    0x080001b2   0x080001b2   0x00000002   PAD
    0x080001b4   0x080001b4   0x00000040   Code   RO            4    .text               startup_stm32f10x_md.o
    0x080001f4   0x080001f4   0x0000004e   Code   RO         1500    .text               c_w.l(rt_memclr_w.o)
    0x08000242   0x08000242   0x00000002   PAD
    0x08000244   0x08000244   0x00000080   Code   RO         1502    .text               c_w.l(strcmpv7m.o)
    0x080002c4   0x080002c4   0x00000006   Code   RO         1504    .text               c_w.l(heapauxi.o)
    0x080002ca   0x080002ca   0x00000016   Code   RO         1575    .text               c_w.l(_rserrno.o)
    0x080002e0   0x080002e0   0x00000008   Code   RO         1741    .text               c_w.l(rt_errno_addr_intlibspace.o)
    0x080002e8   0x080002e8   0x00000008   Code   RO         1773    .text               c_w.l(libspace.o)
    0x080002f0   0x080002f0   0x0000004a   Code   RO         1776    .text               c_w.l(sys_stackheap_outer.o)
    0x0800033a   0x0800033a   0x00000012   Code   RO         1817    .text               c_w.l(exit.o)
    0x0800034c   0x0800034c   0x0000000c   Code   RO         1900    .text               c_w.l(sys_exit.o)
    0x08000358   0x08000358   0x00000002   Code   RO         1915    .text               c_w.l(use_no_semi.o)
    0x0800035a   0x0800035a   0x00000000   Code   RO         1917    .text               c_w.l(indicate_semi.o)
    0x0800035a   0x0800035a   0x00000002   PAD
    0x0800035c   0x0800035c   0x00000002   Code   RO         1478    .text.BusFault_Handler  stm32f10x_it.o
    0x0800035e   0x0800035e   0x00000002   PAD
    0x08000360   0x08000360   0x00000002   Code   RO         1484    .text.DebugMon_Handler  stm32f10x_it.o
    0x08000362   0x08000362   0x00000002   PAD
    0x08000364   0x08000364   0x0000003e   Code   RO         1148    .text.Delay_ms      delay.o
    0x080003a2   0x080003a2   0x00000002   PAD
    0x080003a4   0x080003a4   0x00000062   Code   RO         1305    .text.Emm_V5_Pos_Control  emm_v5.o
    0x08000406   0x08000406   0x00000002   PAD
    0x08000408   0x08000408   0x0000002c   Code   RO         1309    .text.Emm_V5_Synchronous_motion  emm_v5.o
    0x08000434   0x08000434   0x000000bc   Code   RO          481    .text.GPIO_Init     stm32f10x_gpio.o
    0x080004f0   0x080004f0   0x00000080   Code   RO          507    .text.GPIO_PinRemapConfig  stm32f10x_gpio.o
    0x08000570   0x08000570   0x0000000c   Code   RO          497    .text.GPIO_WriteBit  stm32f10x_gpio.o
    0x0800057c   0x0800057c   0x00000002   Code   RO         1474    .text.HardFault_Handler  stm32f10x_it.o
    0x0800057e   0x0800057e   0x00000002   PAD
    0x08000580   0x08000580   0x00000026   Code   RO         1327    .text.Key_Init      key.o
    0x080005a6   0x080005a6   0x00000002   PAD
    0x080005a8   0x080005a8   0x00000002   Code   RO         1476    .text.MemManage_Handler  stm32f10x_it.o
    0x080005aa   0x080005aa   0x00000002   PAD
    0x080005ac   0x080005ac   0x00000002   Code   RO         1472    .text.NMI_Handler   stm32f10x_it.o
    0x080005ae   0x080005ae   0x00000002   PAD
    0x080005b0   0x080005b0   0x0000005e   Code   RO           27    .text.NVIC_Init     misc.o
    0x0800060e   0x0800060e   0x00000002   PAD
    0x08000610   0x08000610   0x00000014   Code   RO           25    .text.NVIC_PriorityGroupConfig  misc.o
    0x08000624   0x08000624   0x0000005c   Code   RO         1199    .text.OLED_I2C_SendByte  oled.o
    0x08000680   0x08000680   0x0000011c   Code   RO         1205    .text.OLED_Init     oled.o
    0x0800079c   0x0800079c   0x0000029a   Code   RO         1241    .text.OLED_ShowFloatNum  oled.o
    0x08000a36   0x08000a36   0x00000002   PAD
    0x08000a38   0x08000a38   0x0000012a   Code   RO         1229    .text.OLED_ShowImage  oled.o
    0x08000b62   0x08000b62   0x00000002   PAD
    0x08000b64   0x08000b64   0x000001de   Code   RO         1231    .text.OLED_ShowString  oled.o
    0x08000d42   0x08000d42   0x00000002   PAD
    0x08000d44   0x08000d44   0x00000036   Code   RO         1209    .text.OLED_Update   oled.o
    0x08000d7a   0x08000d7a   0x00000002   PAD
    0x08000d7c   0x08000d7c   0x000000b2   Code   RO         1201    .text.OLED_WriteCommand  oled.o
    0x08000e2e   0x08000e2e   0x00000002   PAD
    0x08000e30   0x08000e30   0x00000084   Code   RO         1203    .text.OLED_WriteData  oled.o
    0x08000eb4   0x08000eb4   0x000001e8   Code   RO         1351    .text.PID_Control   pid.o
    0x0800109c   0x0800109c   0x00000012   Code   RO         1345    .text.PID_Init      pid.o
    0x080010ae   0x080010ae   0x00000002   PAD
    0x080010b0   0x080010b0   0x00000002   Code   RO         1486    .text.PendSV_Handler  stm32f10x_it.o
    0x080010b2   0x080010b2   0x00000002   PAD
    0x080010b4   0x080010b4   0x00000154   Code   RO         1347    .text.Position_PID_Control  pid.o
    0x08001208   0x08001208   0x00000018   Code   RO          688    .text.RCC_APB1PeriphClockCmd  stm32f10x_rcc.o
    0x08001220   0x08001220   0x00000018   Code   RO          686    .text.RCC_APB2PeriphClockCmd  stm32f10x_rcc.o
    0x08001238   0x08001238   0x0000008c   Code   RO          682    .text.RCC_GetClocksFreq  stm32f10x_rcc.o
    0x080012c4   0x080012c4   0x00000002   Code   RO         1482    .text.SVC_Handler   stm32f10x_it.o
    0x080012c6   0x080012c6   0x00000002   PAD
    0x080012c8   0x080012c8   0x00000086   Code   RO         1390    .text.Serial_Init   serial.o
    0x0800134e   0x0800134e   0x00000002   PAD
    0x08001350   0x08001350   0x00000022   Code   RO         1382    .text.Serial_SendByte  serial.o
    0x08001372   0x08001372   0x00000002   PAD
    0x08001374   0x08001374   0x00000060   Code   RO         1400    .text.Serial_SendPacket  serial.o
    0x080013d4   0x080013d4   0x00000002   Code   RO         1488    .text.SysTick_Handler  stm32f10x_it.o
    0x080013d6   0x080013d6   0x00000002   PAD
    0x080013d8   0x080013d8   0x0000010c   Code   RO           11    .text.SystemInit    system_stm32f10x.o
    0x080014e4   0x080014e4   0x00000020   Code   RO         1456    .text.TIM2_IRQHandler  main.o
    0x08001504   0x08001504   0x00000032   Code   RO         1427    .text.TIM3_IRQHandler  timer.o
    0x08001536   0x08001536   0x00000002   PAD
    0x08001538   0x08001538   0x00000006   Code   RO         1042    .text.TIM_ClearFlag  stm32f10x_tim.o
    0x0800153e   0x0800153e   0x00000002   PAD
    0x08001540   0x08001540   0x00000006   Code   RO         1046    .text.TIM_ClearITPendingBit  stm32f10x_tim.o
    0x08001546   0x08001546   0x00000002   PAD
    0x08001548   0x08001548   0x00000012   Code   RO          908    .text.TIM_Cmd       stm32f10x_tim.o
    0x0800155a   0x0800155a   0x00000002   PAD
    0x0800155c   0x0800155c   0x00000018   Code   RO         1044    .text.TIM_GetITStatus  stm32f10x_tim.o
    0x08001574   0x08001574   0x00000010   Code   RO          912    .text.TIM_ITConfig  stm32f10x_tim.o
    0x08001584   0x08001584   0x0000000a   Code   RO          920    .text.TIM_InternalClockConfig  stm32f10x_tim.o
    0x0800158e   0x0800158e   0x00000002   PAD
    0x08001590   0x08001590   0x000000aa   Code   RO          876    .text.TIM_TimeBaseInit  stm32f10x_tim.o
    0x0800163a   0x0800163a   0x00000002   PAD
    0x0800163c   0x0800163c   0x000000a2   Code   RO         1425    .text.Timer_Init    timer.o
    0x080016de   0x080016de   0x00000002   PAD
    0x080016e0   0x080016e0   0x0000009a   Code   RO         1437    .text.USART2_IRQHandler  usart.o
    0x0800177a   0x0800177a   0x00000002   PAD
    0x0800177c   0x0800177c   0x000000a0   Code   RO         1402    .text.USART3_IRQHandler  serial.o
    0x0800181c   0x0800181c   0x0000000e   Code   RO         1112    .text.USART_ClearITPendingBit  stm32f10x_usart.o
    0x0800182a   0x0800182a   0x00000002   PAD
    0x0800182c   0x0800182c   0x00000014   Code   RO         1066    .text.USART_Cmd     stm32f10x_usart.o
    0x08001840   0x08001840   0x0000000a   Code   RO         1106    .text.USART_GetFlagStatus  stm32f10x_usart.o
    0x0800184a   0x0800184a   0x00000002   PAD
    0x0800184c   0x0800184c   0x00000032   Code   RO         1110    .text.USART_GetITStatus  stm32f10x_usart.o
    0x0800187e   0x0800187e   0x00000002   PAD
    0x08001880   0x08001880   0x0000002e   Code   RO         1068    .text.USART_ITConfig  stm32f10x_usart.o
    0x080018ae   0x080018ae   0x00000002   PAD
    0x080018b0   0x080018b0   0x000000b6   Code   RO         1058    .text.USART_Init    stm32f10x_usart.o
    0x08001966   0x08001966   0x00000002   PAD
    0x08001968   0x08001968   0x00000008   Code   RO         1084    .text.USART_ReceiveData  stm32f10x_usart.o
    0x08001970   0x08001970   0x00000008   Code   RO         1082    .text.USART_SendData  stm32f10x_usart.o
    0x08001978   0x08001978   0x00000002   Code   RO         1480    .text.UsageFault_Handler  stm32f10x_it.o
    0x0800197a   0x0800197a   0x00000002   PAD
    0x0800197c   0x0800197c   0x000000ac   Code   RO         1283    .text.board_init    board.o
    0x08001a28   0x08001a28   0x0000060c   Code   RO         1353    .text.calcHomography  pid.o
    0x08002034   0x08002034   0x0000002c   Code   RO         1166    .text.fifo_deQueue  fifo.o
    0x08002060   0x08002060   0x0000002c   Code   RO         1164    .text.fifo_enQueue  fifo.o
    0x0800208c   0x0800208c   0x00000032   Code   RO         1170    .text.fifo_queueLength  fifo.o
    0x080020be   0x080020be   0x00000002   PAD
    0x080020c0   0x080020c0   0x000001ce   Code   RO         1380    .text.handle_USART_BasicQuestion1  serial.o
    0x0800228e   0x0800228e   0x00000002   PAD
    0x08002290   0x08002290   0x000001b4   Code   RO         1384    .text.handle_USART_BasicQuestion2  serial.o
    0x08002444   0x08002444   0x00000002   Code   RO         1386    .text.handle_USART_BasicQuestion3  serial.o
    0x08002446   0x08002446   0x00000002   PAD
    0x08002448   0x08002448   0x00000002   Code   RO         1388    .text.handle_USART_BasicQuestion4  serial.o
    0x0800244a   0x0800244a   0x00000002   PAD
    0x0800244c   0x0800244c   0x00000084   Code   RO         1454    .text.main          main.o
    0x080024d0   0x080024d0   0x00000050   Code   RO         1181    .text.nvic_init     sys.o
    0x08002520   0x08002520   0x00000060   Code   RO         1439    .text.usart_SendCmd  usart.o
    0x08002580   0x08002580   0x00000094   Code   RO         1568    i.round             m_ws.l(round.o)
    0x08002614   0x08002614   0x0000002c   Code   RO         1571    i.sqrtf             m_ws.l(sqrtf.o)
    0x08002640   0x08002640   0x00000150   Code   RO         1510    x$fpl$dadd          fz_ws.l(daddsub_clz.o)
    0x08002790   0x08002790   0x00000018   Code   RO         1763    x$fpl$dcmpinf       fz_ws.l(dcmpi.o)
    0x080027a8   0x080027a8   0x00000078   Code   RO         1668    x$fpl$deqf          fz_ws.l(deqf.o)
    0x08002820   0x08002820   0x0000005a   Code   RO         1526    x$fpl$dfixu         fz_ws.l(dfixu.o)
    0x0800287a   0x0800287a   0x00000026   Code   RO         1530    x$fpl$dfltu         fz_ws.l(dflt_clz.o)
    0x080028a0   0x080028a0   0x00000078   Code   RO         1670    x$fpl$dgeqf         fz_ws.l(dgeqf.o)
    0x08002918   0x08002918   0x00000078   Code   RO         1672    x$fpl$dleqf         fz_ws.l(dleqf.o)
    0x08002990   0x08002990   0x00000154   Code   RO         1536    x$fpl$dmul          fz_ws.l(dmul.o)
    0x08002ae4   0x08002ae4   0x0000009c   Code   RO         1674    x$fpl$dnaninf       fz_ws.l(dnaninf.o)
    0x08002b80   0x08002b80   0x0000000c   Code   RO         1676    x$fpl$dretinf       fz_ws.l(dretinf.o)
    0x08002b8c   0x08002b8c   0x0000006c   Code   RO         1678    x$fpl$drleqf        fz_ws.l(drleqf.o)
    0x08002bf8   0x08002bf8   0x000000b4   Code   RO         1680    x$fpl$drnd          fz_ws.l(drnd.o)
    0x08002cac   0x08002cac   0x00000016   Code   RO         1511    x$fpl$drsb          fz_ws.l(daddsub_clz.o)
    0x08002cc2   0x08002cc2   0x00000002   PAD
    0x08002cc4   0x08002cc4   0x000001dc   Code   RO         1512    x$fpl$dsub          fz_ws.l(daddsub_clz.o)
    0x08002ea0   0x08002ea0   0x00000056   Code   RO         1538    x$fpl$f2d           fz_ws.l(f2d.o)
    0x08002ef6   0x08002ef6   0x00000002   PAD
    0x08002ef8   0x08002ef8   0x000000c4   Code   RO         1540    x$fpl$fadd          fz_ws.l(faddsub_clz.o)
    0x08002fbc   0x08002fbc   0x00000054   Code   RO         1516    x$fpl$fcmp          fz_ws.l(dcmp.o)
    0x08003010   0x08003010   0x00000054   Code   RO         1546    x$fpl$fcmp          fz_ws.l(fcmp.o)
    0x08003064   0x08003064   0x00000018   Code   RO         1765    x$fpl$fcmpinf       fz_ws.l(fcmpi.o)
    0x0800307c   0x0800307c   0x00000184   Code   RO         1549    x$fpl$fdiv          fz_ws.l(fdiv.o)
    0x08003200   0x08003200   0x00000068   Code   RO         1682    x$fpl$feqf          fz_ws.l(feqf.o)
    0x08003268   0x08003268   0x00000036   Code   RO         1552    x$fpl$ffix          fz_ws.l(ffix.o)
    0x0800329e   0x0800329e   0x00000002   PAD
    0x080032a0   0x080032a0   0x00000030   Code   RO         1557    x$fpl$fflt          fz_ws.l(fflt_clz.o)
    0x080032d0   0x080032d0   0x00000026   Code   RO         1556    x$fpl$ffltu         fz_ws.l(fflt_clz.o)
    0x080032f6   0x080032f6   0x00000002   PAD
    0x080032f8   0x080032f8   0x00000068   Code   RO         1684    x$fpl$fgeqf         fz_ws.l(fgeqf.o)
    0x08003360   0x08003360   0x00000068   Code   RO         1686    x$fpl$fleqf         fz_ws.l(fleqf.o)
    0x080033c8   0x080033c8   0x00000102   Code   RO         1562    x$fpl$fmul          fz_ws.l(fmul.o)
    0x080034ca   0x080034ca   0x0000008c   Code   RO         1688    x$fpl$fnaninf       fz_ws.l(fnaninf.o)
    0x08003556   0x08003556   0x0000000a   Code   RO         1690    x$fpl$fretinf       fz_ws.l(fretinf.o)
    0x08003560   0x08003560   0x00000110   Code   RO         1692    x$fpl$fsqrt         fz_ws.l(fsqrt.o)
    0x08003670   0x08003670   0x000000ea   Code   RO         1542    x$fpl$fsub          fz_ws.l(faddsub_clz.o)
    0x0800375a   0x0800375a   0x00000000   Code   RO         1702    x$fpl$usenofp       fz_ws.l(usenofp.o)
    0x0800375a   0x0800375a   0x00000004   Data   RO          707    .rodata.ADCPrescTable  stm32f10x_rcc.o
    0x0800375e   0x0800375e   0x00000010   Data   RO          706    .rodata.APBAHBPrescTable  stm32f10x_rcc.o
    0x0800376e   0x0800376e   0x00000103   Data   RO         1272    .rodata.OLED_CF16x16  oled_data.o
    0x08003871   0x08003871   0x0000023a   Data   RO         1271    .rodata.OLED_F6x8   oled_data.o
    0x08003aab   0x08003aab   0x000005f0   Data   RO         1270    .rodata.OLED_F8x16  oled_data.o
    0x0800409b   0x0800409b   0x00000001   PAD
    0x0800409c   0x0800409c   0x00000020   Data   RO         1973    Region$$Table       anon$$obj.o


    Execution Region RW_IRAM1 (Exec base: 0x20000000, Load base: 0x080040c0, Size: 0x000019d0, Max: 0x00005000, ABSOLUTE)

    Exec Addr    Load Addr    Size         Type   Attr      Idx    E Section Name        Object

    0x20000000   0x080040c0   0x00000020   Data   RW         1416    .data.handle_USART_BasicQuestion2.dst  serial.o
    0x20000020        -       0x00000060   Zero   RW         1774    .bss                c_w.l(libspace.o)
    0x20000080        -       0x00000024   Zero   RW         1371    .bss.H              pid.o
    0x200000a4        -       0x00000400   Zero   RW         1261    .bss.OLED_DisplayBuf  oled.o
    0x200004a4        -       0x0000000c   Zero   RW         1365    .bss.Position_PID_x  pid.o
    0x200004b0        -       0x0000000c   Zero   RW         1357    .bss.Position_PID_y  pid.o
    0x200004bc        -       0x00000001   Zero   RW         1461    .bss.Power_on_flag  main.o
    0x200004bd        -       0x00000001   Zero   RW         1462    .bss.Questionx      main.o
    0x200004be        -       0x00000001   Zero   RW         1460    .bss.Stop_flag      main.o
    0x200004bf   0x080040e0   0x00000001   PAD
    0x200004c0        -       0x00000004   Zero   RW         1358    .bss.Target_Vertical_x  pid.o
    0x200004c4        -       0x00000004   Zero   RW         1359    .bss.Target_Vertical_y  pid.o
    0x200004c8        -       0x00000120   Zero   RW         1370    .bss.calcHomography.A  pid.o
    0x200005e8        -       0x00000004   Zero   RW         1409    .bss.center_x       serial.o
    0x200005ec        -       0x00000004   Zero   RW         1410    .bss.center_y       serial.o
    0x200005f0        -       0x00000004   Zero   RW         1429    .bss.g_timer3_count  timer.o
    0x200005f4        -       0x00000001   Zero   RW         1406    .bss.handle_USART_BasicQuestion1.RxArrayCounter  serial.o
    0x200005f5   0x080040e0   0x00000003   PAD
    0x200005f8        -       0x00000004   Zero   RW         1407    .bss.handle_USART_BasicQuestion1.RxBuffer  serial.o
    0x200005fc        -       0x00000001   Zero   RW         1405    .bss.handle_USART_BasicQuestion1.RxCounter  serial.o
    0x200005fd        -       0x00000001   Zero   RW         1408    .bss.handle_USART_BasicQuestion1.RxState  serial.o
    0x200005fe        -       0x00000001   Zero   RW         1404    .bss.handle_USART_BasicQuestion1.data_packet_count  serial.o
    0x200005ff        -       0x00000001   Zero   RW         1412    .bss.handle_USART_BasicQuestion2.RxArrayCounter  serial.o
    0x20000600        -       0x00000004   Zero   RW         1413    .bss.handle_USART_BasicQuestion2.RxBuffer  serial.o
    0x20000604        -       0x00000001   Zero   RW         1411    .bss.handle_USART_BasicQuestion2.RxCounter  serial.o
    0x20000605        -       0x00000001   Zero   RW         1414    .bss.handle_USART_BasicQuestion2.RxState  serial.o
    0x20000606   0x080040e0   0x00000002   PAD
    0x20000608        -       0x00000020   Zero   RW         1415    .bss.handle_USART_BasicQuestion2.src  serial.o
    0x20000628        -       0x00000004   Zero   RW         1364    .bss.integral_x     pid.o
    0x2000062c        -       0x00000004   Zero   RW         1367    .bss.integral_y     pid.o
    0x20000630        -       0x00000080   Zero   RW         1444    .bss.rxCmd          usart.o
    0x200006b0        -       0x00000001   Zero   RW         1445    .bss.rxCount        usart.o
    0x200006b1   0x080040e0   0x00000001   PAD
    0x200006b2        -       0x00000102   Zero   RW         1172    .bss.rxFIFO         fifo.o
    0x200007b4        -       0x00000001   Zero   RW         1443    .bss.rxFrameFlag    usart.o
    0x200007b5   0x080040e0   0x00000003   PAD
    0x200007b8        -       0x00000004   Zero   RW         1360    .bss.target_x       pid.o
    0x200007bc        -       0x00000004   Zero   RW         1361    .bss.target_y       pid.o
    0x200007c0        -       0x00000004   Zero   RW         1369    .bss.time_count_last  pid.o
    0x200007c4        -       0x00000004   Zero   RW         1366    .bss.xerr_last      pid.o
    0x200007c8        -       0x00000004   Zero   RW         1368    .bss.yerr_last      pid.o
    0x200007cc   0x080040e0   0x00000004   PAD
    0x200007d0        -       0x00000200   Zero   RW            2    HEAP                startup_stm32f10x_md.o
    0x200009d0        -       0x00001000   Zero   RW            1    STACK               startup_stm32f10x_md.o


==============================================================================

Image component sizes


      Code (inc. data)   RO Data    RW Data    ZI Data      Debug   Object Name

       172          0          0          0          0       2726   board.o
        62          0          0          0          0       1596   delay.o
       142          0          0          0          0       5214   emm_v5.o
       138          0          0          0        258       1424   fifo.o
        38          0          0          0          0       2141   key.o
       164          8          0          0          3       2803   main.o
       114          0          0          0          0       3135   misc.o
      2182          0          0          0       1024      36573   oled.o
         0          0       2349          0          0        773   oled_data.o
      2394          0          0          0        384       6949   pid.o
      1326         32          0         32         55       6821   serial.o
        64         26        236          0       4608        784   startup_stm32f10x_md.o
       328          0          0          0          0       5814   stm32f10x_gpio.o
        18          0          0          0          0        974   stm32f10x_it.o
       188          0         20          0          0       8196   stm32f10x_rcc.o
       250          0          0          0          0      29678   stm32f10x_tim.o
       338          0          0          0          0       8575   stm32f10x_usart.o
        80          0          0          0          0       2037   sys.o
       268          0          0          0          0       2539   system_stm32f10x.o
       212          0          0          0          4       2213   timer.o
       250          0          0          0        130       2092   usart.o

    ----------------------------------------------------------------------
      8804         66       2638         32       6480     133057   Object Totals
         0          0         32          0          0          0   (incl. Generated)
        76          0          1          0         14          0   (incl. Padding)

    ----------------------------------------------------------------------

      Code (inc. data)   RO Data    RW Data    ZI Data      Debug   Library Member Name

         8          0          0          0          0         68   __main.o
         0          0          0          0          0          0   __rtentry.o
        12          0          0          0          0          0   __rtentry2.o
         6          0          0          0          0          0   __rtentry4.o
        94          8          0          0          0          0   __scatter.o
        26          0          0          0          0          0   __scatter_copy.o
        28          0          0          0          0          0   __scatter_zi.o
        22          0          0          0          0        100   _rserrno.o
        18          0          0          0          0         80   exit.o
         6          0          0          0          0        152   heapauxi.o
         0          0          0          0          0          0   indicate_semi.o
         2          0          0          0          0          0   libinit.o
         2          0          0          0          0          0   libinit2.o
         2          0          0          0          0          0   libshutdown.o
         2          0          0          0          0          0   libshutdown2.o
         8          4          0          0         96         68   libspace.o
         8          4          0          0          0         68   rt_errno_addr_intlibspace.o
        78          0          0          0          0         80   rt_memclr_w.o
         2          0          0          0          0          0   rtexit.o
        10          0          0          0          0          0   rtexit2.o
       128          0          0          0          0         68   strcmpv7m.o
        12          4          0          0          0         68   sys_exit.o
        74          0          0          0          0         80   sys_stackheap_outer.o
         2          0          0          0          0         68   use_no_semi.o
       834         16          0          0          0        372   daddsub_clz.o
        84          0          0          0          0        196   dcmp.o
        24          0          0          0          0         68   dcmpi.o
       120          4          0          0          0         92   deqf.o
        90          4          0          0          0         92   dfixu.o
        38          0          0          0          0         68   dflt_clz.o
       120          4          0          0          0         92   dgeqf.o
       120          4          0          0          0         92   dleqf.o
       340         12          0          0          0        104   dmul.o
       156          4          0          0          0         92   dnaninf.o
        12          0          0          0          0         68   dretinf.o
       108          0          0          0          0         80   drleqf.o
       180          4          0          0          0         80   drnd.o
        86          4          0          0          0         84   f2d.o
       430          8          0          0          0        168   faddsub_clz.o
        84          0          0          0          0        196   fcmp.o
        24          0          0          0          0         68   fcmpi.o
       388         76          0          0          0         96   fdiv.o
       104          4          0          0          0         84   feqf.o
        54          4          0          0          0         84   ffix.o
        86          0          0          0          0        136   fflt_clz.o
       104          4          0          0          0         84   fgeqf.o
       104          4          0          0          0         84   fleqf.o
       258          4          0          0          0         84   fmul.o
       140          4          0          0          0         84   fnaninf.o
        10          0          0          0          0         68   fretinf.o
       272        100          0          0          0         88   fsqrt.o
         0          0          0          0          0          0   usenofp.o
       148         12          0          0          0         88   round.o
        44          0          0          0          0         80   sqrtf.o

    ----------------------------------------------------------------------
      5130        296          0          0         96       3972   Library Totals
        18          0          0          0          0          0   (incl. Padding)

    ----------------------------------------------------------------------

      Code (inc. data)   RO Data    RW Data    ZI Data      Debug   Library Name

       550         20          0          0         96        900   c_w.l
      4370        264          0          0          0       2904   fz_ws.l
       192         12          0          0          0        168   m_ws.l

    ----------------------------------------------------------------------
      5130        296          0          0         96       3972   Library Totals

    ----------------------------------------------------------------------

==============================================================================


      Code (inc. data)   RO Data    RW Data    ZI Data      Debug   

     13934        362       2638         32       6576     134705   Grand Totals
     13934        362       2638         32       6576     134705   ELF Image Totals
     13934        362       2638         32          0          0   ROM Totals

==============================================================================

    Total RO  Size (Code + RO Data)                16572 (  16.18kB)
    Total RW  Size (RW Data + ZI Data)              6608 (   6.45kB)
    Total ROM Size (Code + RO Data + RW Data)      16604 (  16.21kB)

==============================================================================

